Component: ARM Compiler 5.06 update 6 (build 750) Tool: armlink [4d35ed]

==============================================================================

Section Cross References

    startup_stm32f40_41xxx.o(STACK) refers (Special) to heapauxi.o(.text) for __use_two_region_memory
    startup_stm32f40_41xxx.o(HEAP) refers (Special) to heapauxi.o(.text) for __use_two_region_memory
    startup_stm32f40_41xxx.o(RESET) refers (Special) to heapauxi.o(.text) for __use_two_region_memory
    startup_stm32f40_41xxx.o(RESET) refers to startup_stm32f40_41xxx.o(STACK) for __initial_sp
    startup_stm32f40_41xxx.o(RESET) refers to startup_stm32f40_41xxx.o(.text) for Reset_Handler
    startup_stm32f40_41xxx.o(RESET) refers to stm32f4xx_it.o(i.NMI_Handler) for NMI_Handler
    startup_stm32f40_41xxx.o(RESET) refers to stm32f4xx_it.o(i.HardFault_Handler) for HardFault_Handler
    startup_stm32f40_41xxx.o(RESET) refers to stm32f4xx_it.o(i.MemManage_Handler) for MemManage_Handler
    startup_stm32f40_41xxx.o(RESET) refers to stm32f4xx_it.o(i.BusFault_Handler) for BusFault_Handler
    startup_stm32f40_41xxx.o(RESET) refers to stm32f4xx_it.o(i.UsageFault_Handler) for UsageFault_Handler
    startup_stm32f40_41xxx.o(RESET) refers to port.o(.emb_text) for SVC_Handler
    startup_stm32f40_41xxx.o(RESET) refers to stm32f4xx_it.o(i.DebugMon_Handler) for DebugMon_Handler
    startup_stm32f40_41xxx.o(RESET) refers to delay.o(i.SysTick_Handler) for SysTick_Handler
    startup_stm32f40_41xxx.o(RESET) refers to usart.o(i.USART1_IRQHandler) for USART1_IRQHandler
    startup_stm32f40_41xxx.o(.text) refers (Special) to heapauxi.o(.text) for __use_two_region_memory
    startup_stm32f40_41xxx.o(.text) refers to system_stm32f4xx.o(i.SystemInit) for SystemInit
    startup_stm32f40_41xxx.o(.text) refers to __main.o(!!!main) for __main
    startup_stm32f40_41xxx.o(.text) refers to startup_stm32f40_41xxx.o(HEAP) for Heap_Mem
    startup_stm32f40_41xxx.o(.text) refers to startup_stm32f40_41xxx.o(STACK) for Stack_Mem
    stm32f4xx_adc.o(i.ADC_DeInit) refers to stm32f4xx_rcc.o(i.RCC_APB2PeriphResetCmd) for RCC_APB2PeriphResetCmd
    stm32f4xx_can.o(i.CAN_DeInit) refers to stm32f4xx_rcc.o(i.RCC_APB1PeriphResetCmd) for RCC_APB1PeriphResetCmd
    stm32f4xx_can.o(i.CAN_GetITStatus) refers to stm32f4xx_can.o(i.CheckITStatus) for CheckITStatus
    stm32f4xx_cryp.o(i.CRYP_DeInit) refers to stm32f4xx_rcc.o(i.RCC_AHB2PeriphResetCmd) for RCC_AHB2PeriphResetCmd
    stm32f4xx_cryp_aes.o(i.CRYP_AES_CBC) refers to stm32f4xx_cryp.o(i.CRYP_KeyStructInit) for CRYP_KeyStructInit
    stm32f4xx_cryp_aes.o(i.CRYP_AES_CBC) refers to stm32f4xx_cryp.o(i.CRYP_FIFOFlush) for CRYP_FIFOFlush
    stm32f4xx_cryp_aes.o(i.CRYP_AES_CBC) refers to stm32f4xx_cryp.o(i.CRYP_Init) for CRYP_Init
    stm32f4xx_cryp_aes.o(i.CRYP_AES_CBC) refers to stm32f4xx_cryp.o(i.CRYP_KeyInit) for CRYP_KeyInit
    stm32f4xx_cryp_aes.o(i.CRYP_AES_CBC) refers to stm32f4xx_cryp.o(i.CRYP_Cmd) for CRYP_Cmd
    stm32f4xx_cryp_aes.o(i.CRYP_AES_CBC) refers to stm32f4xx_cryp.o(i.CRYP_GetFlagStatus) for CRYP_GetFlagStatus
    stm32f4xx_cryp_aes.o(i.CRYP_AES_CBC) refers to stm32f4xx_cryp.o(i.CRYP_IVInit) for CRYP_IVInit
    stm32f4xx_cryp_aes.o(i.CRYP_AES_CBC) refers to stm32f4xx_cryp.o(i.CRYP_GetCmdStatus) for CRYP_GetCmdStatus
    stm32f4xx_cryp_aes.o(i.CRYP_AES_CBC) refers to stm32f4xx_cryp.o(i.CRYP_DataIn) for CRYP_DataIn
    stm32f4xx_cryp_aes.o(i.CRYP_AES_CBC) refers to stm32f4xx_cryp.o(i.CRYP_DataOut) for CRYP_DataOut
    stm32f4xx_cryp_aes.o(i.CRYP_AES_CCM) refers to stm32f4xx_cryp.o(i.CRYP_KeyStructInit) for CRYP_KeyStructInit
    stm32f4xx_cryp_aes.o(i.CRYP_AES_CCM) refers to stm32f4xx_cryp.o(i.CRYP_FIFOFlush) for CRYP_FIFOFlush
    stm32f4xx_cryp_aes.o(i.CRYP_AES_CCM) refers to stm32f4xx_cryp.o(i.CRYP_KeyInit) for CRYP_KeyInit
    stm32f4xx_cryp_aes.o(i.CRYP_AES_CCM) refers to stm32f4xx_cryp.o(i.CRYP_IVInit) for CRYP_IVInit
    stm32f4xx_cryp_aes.o(i.CRYP_AES_CCM) refers to stm32f4xx_cryp.o(i.CRYP_Init) for CRYP_Init
    stm32f4xx_cryp_aes.o(i.CRYP_AES_CCM) refers to stm32f4xx_cryp.o(i.CRYP_PhaseConfig) for CRYP_PhaseConfig
    stm32f4xx_cryp_aes.o(i.CRYP_AES_CCM) refers to stm32f4xx_cryp.o(i.CRYP_DataIn) for CRYP_DataIn
    stm32f4xx_cryp_aes.o(i.CRYP_AES_CCM) refers to stm32f4xx_cryp.o(i.CRYP_Cmd) for CRYP_Cmd
    stm32f4xx_cryp_aes.o(i.CRYP_AES_CCM) refers to stm32f4xx_cryp.o(i.CRYP_GetCmdStatus) for CRYP_GetCmdStatus
    stm32f4xx_cryp_aes.o(i.CRYP_AES_CCM) refers to stm32f4xx_cryp.o(i.CRYP_GetFlagStatus) for CRYP_GetFlagStatus
    stm32f4xx_cryp_aes.o(i.CRYP_AES_CCM) refers to stm32f4xx_cryp.o(i.CRYP_DataOut) for CRYP_DataOut
    stm32f4xx_cryp_aes.o(i.CRYP_AES_CTR) refers to stm32f4xx_cryp.o(i.CRYP_KeyStructInit) for CRYP_KeyStructInit
    stm32f4xx_cryp_aes.o(i.CRYP_AES_CTR) refers to stm32f4xx_cryp.o(i.CRYP_KeyInit) for CRYP_KeyInit
    stm32f4xx_cryp_aes.o(i.CRYP_AES_CTR) refers to stm32f4xx_cryp.o(i.CRYP_Init) for CRYP_Init
[...]
    .ARM.Collect$$rtexit$$00000000           0x08000240   Section        2  rtexit.o(.ARM.Collect$$rtexit$$00000000)
    .ARM.Collect$$rtexit$$00000002           0x08000242   Section        0  rtexit2.o(.ARM.Collect$$rtexit$$00000002)
    .ARM.Collect$$rtexit$$00000003           0x08000242   Section        4  rtexit2.o(.ARM.Collect$$rtexit$$00000003)
    .ARM.Collect$$rtexit$$00000004           0x08000246   Section        6  rtexit2.o(.ARM.Collect$$rtexit$$00000004)
    .emb_text                                0x0800024c   Section      182  port.o(.emb_text)
    $v0                                      0x0800024c   Number         0  port.o(.emb_text)
    .text                                    0x08000304   Section       64  startup_stm32f40_41xxx.o(.text)
    $v0                                      0x08000304   Number         0  startup_stm32f40_41xxx.o(.text)
    .text                                    0x08000344   Section        2  use_no_semi_2.o(.text)
    .text                                    0x08000348   Section        0  noretval__2printf.o(.text)
    .text                                    0x08000360   Section        0  _printf_str.o(.text)
    .text                                    0x080003b4   Section        0  _printf_dec.o(.text)
    .text                                    0x0800042c   Section        0  __printf_wp.o(.text)
    .text                                    0x0800053a   Section      138  rt_memcpy_v6.o(.text)
    .text                                    0x080005c4   Section       16  aeabi_memset.o(.text)
    .text                                    0x080005d4   Section        0  heapauxi.o(.text)
    .text                                    0x080005da   Section        2  use_no_semi.o(.text)
    .text                                    0x080005dc   Section        0  _printf_intcommon.o(.text)
    .text                                    0x0800068e   Section        0  _printf_fp_dec.o(.text)
    _fp_digits                               0x08000691   Thumb Code   432  _printf_fp_dec.o(.text)
    .text                                    0x08000aac   Section        0  _printf_char_common.o(.text)
    _printf_input_char                       0x08000aad   Thumb Code    10  _printf_char_common.o(.text)
    .text                                    0x08000adc   Section        0  _printf_char.o(.text)
    .text                                    0x08000b08   Section        0  _printf_char_file.o(.text)
    .text                                    0x08000b2c   Section      100  rt_memcpy_w.o(.text)
    .text                                    0x08000b90   Section       68  rt_memclr.o(.text)
    .text                                    0x08000bd4   Section        8  rt_locale_intlibspace.o(.text)
    .text                                    0x08000bdc   Section      138  lludiv10.o(.text)
    .text                                    0x08000c68   Section        0  _printf_fp_infnan.o(.text)
    .text                                    0x08000ce8   Section        0  bigflt0.o(.text)
    .text                                    0x08000dcc   Section        0  ferror.o(.text)
    .text                                    0x08000dd4   Section       78  rt_memclr_w.o(.text)
    .text                                    0x08000e24   Section        8  libspace.o(.text)
    .text                                    0x08000e2c   Section       74  sys_stackheap_outer.o(.text)
    .text                                    0x08000e76   Section        0  exit.o(.text)
    .text                                    0x08000e88   Section      128  strcmpv7m.o(.text)
    CL$$btod_d2e                             0x08000f08   Section       62  btod.o(CL$$btod_d2e)
    CL$$btod_d2e_denorm_low                  0x08000f46   Section       70  btod.o(CL$$btod_d2e_denorm_low)
    CL$$btod_d2e_norm_op1                    0x08000f8c   Section       96  btod.o(CL$$btod_d2e_norm_op1)
    CL$$btod_div_common                      0x08000fec   Section      824  btod.o(CL$$btod_div_common)
    CL$$btod_e2e                             0x08001324   Section      220  btod.o(CL$$btod_e2e)
    CL$$btod_ediv                            0x08001400   Section       42  btod.o(CL$$btod_ediv)
    CL$$btod_emul                            0x0800142a   Section       42  btod.o(CL$$btod_emul)
    CL$$btod_mult_common                     0x08001454   Section      580  btod.o(CL$$btod_mult_common)
    i.BusFault_Handler                       0x08001698   Section        0  stm32f4xx_it.o(i.BusFault_Handler)
    i.DebugMon_Handler                       0x0800169c   Section        0  stm32f4xx_it.o(i.DebugMon_Handler)
    i.GPIO_Init                              0x0800169e   Section        0  stm32f4xx_gpio.o(i.GPIO_Init)
    i.GPIO_PinAFConfig                       0x0800172e   Section        0  stm32f4xx_gpio.o(i.GPIO_PinAFConfig)
    i.GPIO_SetBits                           0x08001774   Section        0  stm32f4xx_gpio.o(i.GPIO_SetBits)
    i.HardFault_Handler                      0x08001778   Section        0  stm32f4xx_it.o(i.HardFault_Handler)
    i.LED_Init                               0x0800177c   Section        0  user_led.o(i.LED_Init)
    i.MemManage_Handler                      0x080017bc   Section        0  stm32f4xx_it.o(i.MemManage_Handler)
    i.NMI_Handler                            0x080017c0   Section        0  stm32f4xx_it.o(i.NMI_Handler)
    i.NVIC_Init                              0x080017c4   Section        0  misc.o(i.NVIC_Init)
    i.NVIC_PriorityGroupConfig               0x0800183c   Section        0  misc.o(i.NVIC_PriorityGroupConfig)
    i.RCC_AHB1PeriphClockCmd                 0x08001850   Section        0  stm32f4xx_rcc.o(i.RCC_AHB1PeriphClockCmd)
    i.RCC_APB2PeriphClockCmd                 0x08001870   Section        0  stm32f4xx_rcc.o(i.RCC_APB2PeriphClockCmd)
    i.RCC_GetClocksFreq                      0x08001890   Section        0  stm32f4xx_rcc.o(i.RCC_GetClocksFreq)
    i.SetSysClock                            0x08001978   Section        0  system_stm32f4xx.o(i.SetSysClock)
    SetSysClock                              0x08001979   Thumb Code   220  system_stm32f4xx.o(i.SetSysClock)
    i.SysTick_CLKSourceConfig                0x08001a64   Section        0  misc.o(i.SysTick_CLKSourceConfig)
    i.SysTick_Handler                        0x08001a8c   Section        0  delay.o(i.SysTick_Handler)
    i.SystemInit                             0x08001a9c   Section        0  system_stm32f4xx.o(i.SystemInit)
    i.USART1_IRQHandler                      0x08001b04   Section        0  usart.o(i.USART1_IRQHandler)
    i.USART_Cmd                              0x08001b8c   Section        0  stm32f4xx_usart.o(i.USART_Cmd)
    i.USART_GetITStatus                      0x08001ba4   Section        0  stm32f4xx_usart.o(i.USART_GetITStatus)
    i.USART_ITConfig                         0x08001bf8   Section        0  stm32f4xx_usart.o(i.USART_ITConfig)
    i.USART_Init                             0x08001c44   Section        0  stm32f4xx_usart.o(i.USART_Init)
    i.USART_ReceiveData                      0x08001d18   Section        0  stm32f4xx_usart.o(i.USART_ReceiveData)
    i.UsageFault_Handler                     0x08001d22   Section        0  stm32f4xx_it.o(i.UsageFault_Handler)
    i.__ARM_fpclassify                       0x08001d26   Section        0  fpclassify.o(i.__ARM_fpclassify)
    i._is_digit                              0x08001d56   Section        0  __printf_wp.o(i._is_digit)
    i._sys_exit                              0x08001d64   Section        0  usart.o(i._sys_exit)
    i.delay_init                             0x08001d68   Section        0  delay.o(i.delay_init)
    i.float_task                             0x08001dac   Section        0  main.o(i.float_task)
    i.fputc                                  0x08001e04   Section        0  usart.o(i.fputc)
    i.led0_task                              0x08001e20   Section        0  main.o(i.led0_task)
    i.led1_task                              0x08001e40   Section        0  main.o(i.led1_task)
    i.main                                   0x08001e68   Section        0  main.o(i.main)
    i.prvAddCurrentTaskToDelayedList         0x08001eb4   Section        0  tasks.o(i.prvAddCurrentTaskToDelayedList)
    prvAddCurrentTaskToDelayedList           0x08001eb5   Thumb Code   124  tasks.o(i.prvAddCurrentTaskToDelayedList)
    i.prvAddNewTaskToReadyList               0x08001f4c   Section        0  tasks.o(i.prvAddNewTaskToReadyList)
    prvAddNewTaskToReadyList                 0x08001f4d   Thumb Code   156  tasks.o(i.prvAddNewTaskToReadyList)
    i.prvCheckForValidListAndQueue           0x08002004   Section        0  timers.o(i.prvCheckForValidListAndQueue)
    prvCheckForValidListAndQueue             0x08002005   Thumb Code    72  timers.o(i.prvCheckForValidListAndQueue)
    i.prvCheckTasksWaitingTermination        0x08002068   Section        0  tasks.o(i.prvCheckTasksWaitingTermination)
    prvCheckTasksWaitingTermination          0x08002069   Thumb Code    86  tasks.o(i.prvCheckTasksWaitingTermination)
    i.prvCopyDataFromQueue                   0x080020cc   Section        0  queue.o(i.prvCopyDataFromQueue)
    prvCopyDataFromQueue                     0x080020cd   Thumb Code    42  queue.o(i.prvCopyDataFromQueue)
    i.prvCopyDataToQueue                     0x080020f6   Section        0  queue.o(i.prvCopyDataToQueue)
    prvCopyDataToQueue                       0x080020f7   Thumb Code   124  queue.o(i.prvCopyDataToQueue)
    i.prvDeleteTCB                           0x08002172   Section        0  tasks.o(i.prvDeleteTCB)
    prvDeleteTCB                             0x08002173   Thumb Code    18  tasks.o(i.prvDeleteTCB)
    i.prvGetNextExpireTime                   0x08002184   Section        0  timers.o(i.prvGetNextExpireTime)
    prvGetNextExpireTime                     0x08002185   Thumb Code    36  timers.o(i.prvGetNextExpireTime)
    i.prvHeapInit                            0x080021ac   Section        0  heap_4.o(i.prvHeapInit)
    prvHeapInit                              0x080021ad   Thumb Code    98  heap_4.o(i.prvHeapInit)
    i.prvIdleTask                            0x08002228   Section        0  tasks.o(i.prvIdleTask)
    prvIdleTask                              0x08002229   Thumb Code    32  tasks.o(i.prvIdleTask)
    i.prvInitialiseNewQueue                  0x08002250   Section        0  queue.o(i.prvInitialiseNewQueue)
    prvInitialiseNewQueue                    0x08002251   Thumb Code    46  queue.o(i.prvInitialiseNewQueue)
    i.prvInitialiseNewTask                   0x08002280   Section        0  tasks.o(i.prvInitialiseNewTask)
    prvInitialiseNewTask                     0x08002281   Thumb Code   170  tasks.o(i.prvInitialiseNewTask)
    i.prvInitialiseTaskLists                 0x08002350   Section        0  tasks.o(i.prvInitialiseTaskLists)
    prvInitialiseTaskLists                   0x08002351   Thumb Code    70  tasks.o(i.prvInitialiseTaskLists)
    i.prvInsertBlockIntoFreeList             0x080023b8   Section        0  heap_4.o(i.prvInsertBlockIntoFreeList)
    prvInsertBlockIntoFreeList               0x080023b9   Thumb Code    96  heap_4.o(i.prvInsertBlockIntoFreeList)
    i.prvInsertTimerInActiveList             0x08002420   Section        0  timers.o(i.prvInsertTimerInActiveList)
    prvInsertTimerInActiveList               0x08002421   Thumb Code    80  timers.o(i.prvInsertTimerInActiveList)
    i.prvIsQueueEmpty                        0x08002478   Section        0  queue.o(i.prvIsQueueEmpty)
    prvIsQueueEmpty                          0x08002479   Thumb Code    26  queue.o(i.prvIsQueueEmpty)
    i.prvIsQueueFull                         0x08002492   Section        0  queue.o(i.prvIsQueueFull)
    prvIsQueueFull                           0x08002493   Thumb Code    30  queue.o(i.prvIsQueueFull)
    i.prvNotifyQueueSetContainer             0x080024b0   Section        0  queue.o(i.prvNotifyQueueSetContainer)
    prvNotifyQueueSetContainer               0x080024b1   Thumb Code   124  queue.o(i.prvNotifyQueueSetContainer)
    i.prvProcessExpiredTimer                 0x08002550   Section        0  timers.o(i.prvProcessExpiredTimer)
    prvProcessExpiredTimer                   0x08002551   Thumb Code    84  timers.o(i.prvProcessExpiredTimer)
    i.prvProcessReceivedCommands             0x080025d0   Section        0  timers.o(i.prvProcessReceivedCommands)
    prvProcessReceivedCommands               0x080025d1   Thumb Code   254  timers.o(i.prvProcessReceivedCommands)
    i.prvProcessTimerOrBlockTask             0x080026fc   Section        0  timers.o(i.prvProcessTimerOrBlockTask)
    prvProcessTimerOrBlockTask               0x080026fd   Thumb Code   102  timers.o(i.prvProcessTimerOrBlockTask)
    i.prvResetNextTaskUnblockTime            0x08002770   Section        0  tasks.o(i.prvResetNextTaskUnblockTime)
    prvResetNextTaskUnblockTime              0x08002771   Thumb Code    42  tasks.o(i.prvResetNextTaskUnblockTime)
    i.prvSampleTimeNow                       0x080027a4   Section        0  timers.o(i.prvSampleTimeNow)
    prvSampleTimeNow                         0x080027a5   Thumb Code    40  timers.o(i.prvSampleTimeNow)
    i.prvSwitchTimerLists                    0x080027d0   Section        0  timers.o(i.prvSwitchTimerLists)
    prvSwitchTimerLists                      0x080027d1   Thumb Code   140  timers.o(i.prvSwitchTimerLists)
    i.prvTaskExitError                       0x0800288c   Section        0  port.o(i.prvTaskExitError)
    prvTaskExitError                         0x0800288d   Thumb Code    50  port.o(i.prvTaskExitError)
    i.prvTimerTask                           0x08002900   Section        0  timers.o(i.prvTimerTask)
    prvTimerTask                             0x08002901   Thumb Code    26  timers.o(i.prvTimerTask)
    i.prvUnlockQueue                         0x0800291a   Section        0  queue.o(i.prvUnlockQueue)
    prvUnlockQueue                           0x0800291b   Thumb Code   146  queue.o(i.prvUnlockQueue)
    i.pvPortMalloc                           0x080029ac   Section        0  heap_4.o(i.pvPortMalloc)
    i.pvTaskIncrementMutexHeldCount          0x08002b00   Section        0  tasks.o(i.pvTaskIncrementMutexHeldCount)
    i.pxPortInitialiseStack                  0x08002b20   Section        0  port.o(i.pxPortInitialiseStack)
    i.start_task                             0x08002b4c   Section        0  main.o(i.start_task)
    i.uart_init                              0x08002be0   Section        0  usart.o(i.uart_init)
    i.uxListRemove                           0x08002c8c   Section        0  list.o(i.uxListRemove)
    i.vListInitialise                        0x08002cb4   Section        0  list.o(i.vListInitialise)
    i.vListInitialiseItem                    0x08002cce   Section        0  list.o(i.vListInitialiseItem)
    i.vListInsert                            0x08002cd4   Section        0  list.o(i.vListInsert)
    i.vListInsertEnd                         0x08002d08   Section        0  list.o(i.vListInsertEnd)
    i.vPortEnterCritical                     0x08002d20   Section        0  port.o(i.vPortEnterCritical)
    i.vPortExitCritical                      0x08002da8   Section        0  port.o(i.vPortExitCritical)
    i.vPortFree                              0x08002e18   Section        0  heap_4.o(i.vPortFree)
    i.vPortSetupTimerInterrupt               0x08002ed0   Section        0  port.o(i.vPortSetupTimerInterrupt)
    i.vPortValidateInterruptPriority         0x08002ef0   Section        0  port.o(i.vPortValidateInterruptPriority)
    i.vQueueAddToRegistry                    0x08002f90   Section        0  queue.o(i.vQueueAddToRegistry)
    i.vQueueWaitForMessageRestricted         0x08002fbc   Section        0  queue.o(i.vQueueWaitForMessageRestricted)
    i.vTaskDelay                             0x08003008   Section        0  tasks.o(i.vTaskDelay)
    i.vTaskDelete                            0x0800307c   Section        0  tasks.o(i.vTaskDelete)
    i.vTaskMissedYield                       0x08003188   Section        0  tasks.o(i.vTaskMissedYield)
    i.vTaskPlaceOnEventList                  0x08003194   Section        0  tasks.o(i.vTaskPlaceOnEventList)
    i.vTaskPlaceOnEventListRestricted        0x080031e8   Section        0  tasks.o(i.vTaskPlaceOnEventListRestricted)
    i.vTaskPriorityInherit                   0x08003244   Section        0  tasks.o(i.vTaskPriorityInherit)
    i.vTaskSetTimeOutState                   0x080032f4   Section        0  tasks.o(i.vTaskSetTimeOutState)
    i.vTaskStartScheduler                    0x08003340   Section        0  tasks.o(i.vTaskStartScheduler)
    i.vTaskSuspendAll                        0x080033ec   Section        0  tasks.o(i.vTaskSuspendAll)
    i.vTaskSwitchContext                     0x080033fc   Section        0  tasks.o(i.vTaskSwitchContext)
    i.xPortStartScheduler                    0x080034a4   Section        0  port.o(i.xPortStartScheduler)
    i.xPortSysTickHandler                    0x08003600   Section        0  port.o(i.xPortSysTickHandler)
    i.xQueueGenericCreate                    0x08003634   Section        0  queue.o(i.xQueueGenericCreate)
    i.xQueueGenericReceive                   0x080036a8   Section        0  queue.o(i.xQueueGenericReceive)
    i.xQueueGenericReset                     0x08003870   Section        0  queue.o(i.xQueueGenericReset)
    i.xQueueGenericSend                      0x08003920   Section        0  queue.o(i.xQueueGenericSend)
    i.xQueueGenericSendFromISR               0x08003ae4   Section        0  queue.o(i.xQueueGenericSendFromISR)
    i.xTaskCheckForTimeOut                   0x08003bf4   Section        0  tasks.o(i.xTaskCheckForTimeOut)
    i.xTaskCreate                            0x08003c94   Section        0  tasks.o(i.xTaskCreate)
    i.xTaskGetSchedulerState                 0x08003cf4   Section        0  tasks.o(i.xTaskGetSchedulerState)
    i.xTaskGetTickCount                      0x08003d14   Section        0  tasks.o(i.xTaskGetTickCount)
    i.xTaskIncrementTick                     0x08003d20   Section        0  tasks.o(i.xTaskIncrementTick)
    i.xTaskPriorityDisinherit                0x08003e80   Section        0  tasks.o(i.xTaskPriorityDisinherit)
    i.xTaskRemoveFromEventList               0x08003f58   Section        0  tasks.o(i.xTaskRemoveFromEventList)
    i.xTaskResumeAll                         0x0800400c   Section        0  tasks.o(i.xTaskResumeAll)
    i.xTimerCreateTimerTask                  0x0800412c   Section        0  timers.o(i.xTimerCreateTimerTask)
    i.xTimerGenericCommand                   0x080041a0   Section        0  timers.o(i.xTimerGenericCommand)
    locale$$code                             0x08004244   Section       44  lc_numeric_c.o(locale$$code)
    x$fpl$dretinf                            0x08004270   Section       12  dretinf.o(x$fpl$dretinf)
    $v0                                      0x08004270   Number         0  dretinf.o(x$fpl$dretinf)
    x$fpl$f2d                                0x0800427c   Section       86  f2d.o(x$fpl$f2d)
    $v0                                      0x0800427c   Number         0  f2d.o(x$fpl$f2d)
    x$fpl$fnaninf                            0x080042d2   Section      140  fnaninf.o(x$fpl$fnaninf)
    $v0                                      0x080042d2   Number         0  fnaninf.o(x$fpl$fnaninf)
    x$fpl$fpinit                             0x0800435e   Section       10  fpinit.o(x$fpl$fpinit)
    $v0                                      0x0800435e   Number         0  fpinit.o(x$fpl$fpinit)
    x$fpl$printf1                            0x08004368   Section        4  printf1.o(x$fpl$printf1)
    $v0                                      0x08004368   Number         0  printf1.o(x$fpl$printf1)
    .constdata                               0x0800436c   Section      148  bigflt0.o(.constdata)
    x$fpl$usenofp                            0x0800436c   Section        0  usenofp.o(x$fpl$usenofp)
    tenpwrs_x                                0x0800436c   Data          60  bigflt0.o(.constdata)
    tenpwrs_i                                0x080043a8   Data          64  bigflt0.o(.constdata)
    locale$$data                             0x08004420   Section       28  lc_numeric_c.o(locale$$data)
    __lcnum_c_name                           0x08004424   Data           2  lc_numeric_c.o(locale$$data)
    __lcnum_c_start                          0x0800442c   Data           0  lc_numeric_c.o(locale$$data)
    __lcnum_c_point                          0x08004438   Data           0  lc_numeric_c.o(locale$$data)
    __lcnum_c_thousands                      0x0800443a   Data           0  lc_numeric_c.o(locale$$data)
    __lcnum_c_grouping                       0x0800443b   Data           0  lc_numeric_c.o(locale$$data)
    __lcnum_c_end                            0x0800443c   Data           0  lc_numeric_c.o(locale$$data)
    .data                                    0x20000000   Section       16  stm32f4xx_rcc.o(.data)
    APBAHBPrescTable                         0x20000000   Data          16  stm32f4xx_rcc.o(.data)
    .data                                    0x20000010   Section        4  delay.o(.data)
    fac_us                                   0x20000010   Data           1  delay.o(.data)
    fac_ms                                   0x20000012   Data           2  delay.o(.data)
    .data                                    0x20000014   Section        6  usart.o(.data)
    .data                                    0x2000001c   Section       20  main.o(.data)
    float_num                                0x2000002c   Data           4  main.o(.data)
    .data                                    0x20000030   Section       20  system_stm32f4xx.o(.data)
    .data                                    0x20000044   Section       60  tasks.o(.data)
    pxDelayedTaskList                        0x20000048   Data           4  tasks.o(.data)
    pxOverflowDelayedTaskList                0x2000004c   Data           4  tasks.o(.data)
    uxDeletedTasksWaitingCleanUp             0x20000050   Data           4  tasks.o(.data)
    uxCurrentNumberOfTasks                   0x20000054   Data           4  tasks.o(.data)
    xTickCount                               0x20000058   Data           4  tasks.o(.data)
    uxTopReadyPriority                       0x2000005c   Data           4  tasks.o(.data)
    xSchedulerRunning                        0x20000060   Data           4  tasks.o(.data)
    uxPendedTicks                            0x20000064   Data           4  tasks.o(.data)
    xYieldPending                            0x20000068   Data           4  tasks.o(.data)
    xNumOfOverflows                          0x2000006c   Data           4  tasks.o(.data)
    uxTaskNumber                             0x20000070   Data           4  tasks.o(.data)
    xNextTaskUnblockTime                     0x20000074   Data           4  tasks.o(.data)
    xIdleTaskHandle                          0x20000078   Data           4  tasks.o(.data)
    uxSchedulerSuspended                     0x2000007c   Data           4  tasks.o(.data)
    .data                                    0x20000080   Section       20  timers.o(.data)
    pxCurrentTimerList                       0x20000080   Data           4  timers.o(.data)
    pxOverflowTimerList                      0x20000084   Data           4  timers.o(.data)
    xTimerQueue                              0x20000088   Data           4  timers.o(.data)
    xTimerTaskHandle                         0x2000008c   Data           4  timers.o(.data)
    xLastTime                                0x20000090   Data           4  timers.o(.data)
    .data                                    0x20000094   Section       12  port.o(.data)
    uxCriticalNesting                        0x20000094   Data           4  port.o(.data)
    ucMaxSysCallPriority                     0x20000098   Data           1  port.o(.data)
    ulMaxPRIGROUPValue                       0x2000009c   Data           4  port.o(.data)
    .data                                    0x200000a0   Section       24  heap_4.o(.data)
    xStart                                   0x200000a0   Data           8  heap_4.o(.data)
    pxEnd                                    0x200000a8   Data           4  heap_4.o(.data)
    xFreeBytesRemaining                      0x200000ac   Data           4  heap_4.o(.data)
    xMinimumEverFreeBytesRemaining           0x200000b0   Data           4  heap_4.o(.data)
    xBlockAllocatedBit                       0x200000b4   Data           4  heap_4.o(.data)
    .bss                                     0x200000b8   Section      200  usart.o(.bss)
    .bss                                     0x20000180   Section       64  queue.o(.bss)
    .bss                                     0x200001c0   Section      740  tasks.o(.bss)
    pxReadyTasksLists                        0x200001c0   Data         640  tasks.o(.bss)
    xDelayedTaskList1                        0x20000440   Data          20  tasks.o(.bss)
    xDelayedTaskList2                        0x20000454   Data          20  tasks.o(.bss)
    xPendingReadyList                        0x20000468   Data          20  tasks.o(.bss)
    xTasksWaitingTermination                 0x2000047c   Data          20  tasks.o(.bss)
    xSuspendedTaskList                       0x20000490   Data          20  tasks.o(.bss)
    .bss                                     0x200004a4   Section       40  timers.o(.bss)
    xActiveTimerList1                        0x200004a4   Data          20  timers.o(.bss)
    xActiveTimerList2                        0x200004b8   Data          20  timers.o(.bss)
    .bss                                     0x200004cc   Section    20480  heap_4.o(.bss)
    ucHeap                                   0x200004cc   Data       20480  heap_4.o(.bss)
    .bss                                     0x200054cc   Section       96  libspace.o(.bss)
    HEAP                                     0x20005530   Section      512  startup_stm32f40_41xxx.o(HEAP)
    Heap_Mem                                 0x20005530   Data         512  startup_stm32f40_41xxx.o(HEAP)
    STACK                                    0x20005730   Section     1024  startup_stm32f40_41xxx.o(STACK)
    Stack_Mem                                0x20005730   Data        1024  startup_stm32f40_41xxx.o(STACK)
    __initial_sp                             0x20005b30   Data           0  startup_stm32f40_41xxx.o(STACK)

    Global Symbols

    Symbol Name                              Value     Ov Type        Size  Object(Section)

    BuildAttributes$$THM_ISAv4$E$P$D$K$B$S$7EM$VFPi3$EXTD16$VFPS$VFMA$PE$A:L22UL41UL21$X:L11$S22US41US21$IEEE1$IW$USESV6$~STKCKD$USESV7$~SHL$OTIME$ROPI$IEEEJ$EBA8$UX$STANDARDLIB$REQ8$PRES8$EABIv2 0x00000000   Number         0  anon$$obj.o ABSOLUTE
    __ARM_use_no_argv                        0x00000000   Number         0  main.o ABSOLUTE
    _printf_flags                            0x00000000   Number         0  printf_stubs.o ABSOLUTE
    _printf_return_value                     0x00000000   Number         0  printf_stubs.o ABSOLUTE
    _printf_sizespec                         0x00000000   Number         0  printf_stubs.o ABSOLUTE
    _printf_widthprec                        0x00000000   Number         0  printf_stubs.o ABSOLUTE
    __ARM_exceptions_init                     - Undefined Weak Reference
    __alloca_initialize                       - Undefined Weak Reference
    __arm_preinit_                            - Undefined Weak Reference
    __cpp_initialize__aeabi_                  - Undefined Weak Reference
    __cxa_finalize                            - Undefined Weak Reference
    __sigvec_lookup                           - Undefined Weak Reference
    _atexit_init                              - Undefined Weak Reference
    _call_atexit_fns                          - Undefined Weak Reference
    _clock_init                               - Undefined Weak Reference
    _fp_trap_init                             - Undefined Weak Reference
    _fp_trap_shutdown                         - Undefined Weak Reference
    _get_lc_collate                           - Undefined Weak Reference
    _get_lc_ctype                             - Undefined Weak Reference
    _get_lc_monetary                          - Undefined Weak Reference
    _get_lc_time                              - Undefined Weak Reference
    _getenv_init                              - Undefined Weak Reference
    _handle_redirection                       - Undefined Weak Reference
    _init_alloc                               - Undefined Weak Reference
    _init_user_alloc                          - Undefined Weak Reference
    _initio                                   - Undefined Weak Reference
    _mutex_acquire                            - Undefined Weak Reference
    _mutex_release                            - Undefined Weak Reference
    _printf_mbtowc                            - Undefined Weak Reference
    _printf_post_padding                      - Undefined Weak Reference
    _printf_pre_padding                       - Undefined Weak Reference
    _printf_truncate_signed                   - Undefined Weak Reference
    _printf_truncate_unsigned                 - Undefined Weak Reference
    _rand_init                                - Undefined Weak Reference
    _signal_finish                            - Undefined Weak Reference
    _signal_init                              - Undefined Weak Reference
    _terminate_alloc                          - Undefined Weak Reference
    _terminate_user_alloc                     - Undefined Weak Reference
    _terminateio                              - Undefined Weak Reference
    __Vectors_Size                           0x00000188   Number         0  startup_stm32f40_41xxx.o ABSOLUTE
    __Vectors                                0x08000000   Data           4  startup_stm32f40_41xxx.o(RESET)
    __Vectors_End                            0x08000188   Data           0  startup_stm32f40_41xxx.o(RESET)
    __main                                   0x08000189   Thumb Code     8  __main.o(!!!main)
    __scatterload                            0x08000191   Thumb Code     0  __scatter.o(!!!scatter)
    __scatterload_rt2                        0x08000191   Thumb Code    44  __scatter.o(!!!scatter)
    __scatterload_rt2_thumb_only             0x08000191   Thumb Code     0  __scatter.o(!!!scatter)
    __scatterload_null                       0x0800019f   Thumb Code     0  __scatter.o(!!!scatter)
    __scatterload_copy                       0x080001c5   Thumb Code    26  __scatter_copy.o(!!handler_copy)
    __scatterload_zeroinit                   0x080001e1   Thumb Code    28  __scatter_zi.o(!!handler_zi)
    _printf_f                                0x080001fd   Thumb Code     0  _printf_f.o(.ARM.Collect$$_printf_percent$$00000003)
    _printf_percent                          0x080001fd   Thumb Code     0  _printf_percent.o(.ARM.Collect$$_printf_percent$$00000000)
    _printf_d                                0x08000203   Thumb Code     0  _printf_d.o(.ARM.Collect$$_printf_percent$$00000009)
    _printf_s                                0x08000209   Thumb Code     0  _printf_s.o(.ARM.Collect$$_printf_percent$$00000014)
    _printf_percent_end                      0x0800020f   Thumb Code     0  _printf_percent_end.o(.ARM.Collect$$_printf_percent$$00000017)
    __rt_lib_init                            0x08000213   Thumb Code     0  libinit.o(.ARM.Collect$$libinit$$00000000)
    __rt_lib_init_fp_1                       0x08000215   Thumb Code     0  libinit2.o(.ARM.Collect$$libinit$$00000001)
    __rt_lib_init_heap_1                     0x08000219   Thumb Code     0  libinit2.o(.ARM.Collect$$libinit$$0000000A)
    __rt_lib_init_lc_common                  0x08000219   Thumb Code     0  libinit2.o(.ARM.Collect$$libinit$$0000000F)
    __rt_lib_init_preinit_1                  0x08000219   Thumb Code     0  libinit2.o(.ARM.Collect$$libinit$$00000004)
    __rt_lib_init_rand_1                     0x08000219   Thumb Code     0  libinit2.o(.ARM.Collect$$libinit$$0000000E)
    __rt_lib_init_user_alloc_1               0x08000219   Thumb Code     0  libinit2.o(.ARM.Collect$$libinit$$0000000C)
    __rt_lib_init_lc_collate_1               0x0800021f   Thumb Code     0  libinit2.o(.ARM.Collect$$libinit$$00000011)
    __rt_lib_init_lc_ctype_1                 0x0800021f   Thumb Code     0  libinit2.o(.ARM.Collect$$libinit$$00000013)
    __rt_lib_init_lc_monetary_1              0x0800021f   Thumb Code     0  libinit2.o(.ARM.Collect$$libinit$$00000015)
    __rt_lib_init_lc_numeric_2               0x0800021f   Thumb Code     0  libinit2.o(.ARM.Collect$$libinit$$00000016)
    __rt_lib_init_alloca_1                   0x08000229   Thumb Code     0  libinit2.o(.ARM.Collect$$libinit$$0000002E)
    __rt_lib_init_argv_1                     0x08000229   Thumb Code     0  libinit2.o(.ARM.Collect$$libinit$$0000002C)
    __rt_lib_init_atexit_1                   0x08000229   Thumb Code     0  libinit2.o(.ARM.Collect$$libinit$$0000001B)
    __rt_lib_init_clock_1                    0x08000229   Thumb Code     0  libinit2.o(.ARM.Collect$$libinit$$00000021)
    __rt_lib_init_cpp_1                      0x08000229   Thumb Code     0  libinit2.o(.ARM.Collect$$libinit$$00000032)
    __rt_lib_init_exceptions_1               0x08000229   Thumb Code     0  libinit2.o(.ARM.Collect$$libinit$$00000030)
    __rt_lib_init_fp_trap_1                  0x08000229   Thumb Code     0  libinit2.o(.ARM.Collect$$libinit$$0000001F)
    __rt_lib_init_getenv_1                   0x08000229   Thumb Code     0  libinit2.o(.ARM.Collect$$libinit$$00000023)
    __rt_lib_init_lc_numeric_1               0x08000229   Thumb Code     0  libinit2.o(.ARM.Collect$$libinit$$00000017)
    __rt_lib_init_lc_time_1                  0x08000229   Thumb Code     0  libinit2.o(.ARM.Collect$$libinit$$00000019)
    __rt_lib_init_return                     0x08000229   Thumb Code     0  libinit2.o(.ARM.Collect$$libinit$$00000033)
    __rt_lib_init_signal_1                   0x08000229   Thumb Code     0  libinit2.o(.ARM.Collect$$libinit$$0000001D)
    __rt_lib_init_stdio_1                    0x08000229   Thumb Code     0  libinit2.o(.ARM.Collect$$libinit$$00000025)
    __rt_lib_shutdown                        0x0800022b   Thumb Code     0  libshutdown.o(.ARM.Collect$$libshutdown$$00000000)
    __rt_lib_shutdown_cpp_1                  0x0800022d   Thumb Code     0  libshutdown2.o(.ARM.Collect$$libshutdown$$00000002)
    __rt_lib_shutdown_fp_trap_1              0x0800022d   Thumb Code     0  libshutdown2.o(.ARM.Collect$$libshutdown$$00000007)
    __rt_lib_shutdown_heap_1                 0x0800022d   Thumb Code     0  libshutdown2.o(.ARM.Collect$$libshutdown$$0000000F)
    __rt_lib_shutdown_return                 0x0800022d   Thumb Code     0  libshutdown2.o(.ARM.Collect$$libshutdown$$00000010)
    __rt_lib_shutdown_signal_1               0x0800022d   Thumb Code     0  libshutdown2.o(.ARM.Collect$$libshutdown$$0000000A)
    __rt_lib_shutdown_stdio_1                0x0800022d   Thumb Code     0  libshutdown2.o(.ARM.Collect$$libshutdown$$00000004)
    __rt_lib_shutdown_user_alloc_1           0x0800022d   Thumb Code     0  libshutdown2.o(.ARM.Collect$$libshutdown$$0000000C)
    __rt_entry                               0x0800022f   Thumb Code     0  __rtentry.o(.ARM.Collect$$rtentry$$00000000)
    __rt_entry_presh_1                       0x0800022f   Thumb Code     0  __rtentry2.o(.ARM.Collect$$rtentry$$00000002)
    __rt_entry_sh                            0x0800022f   Thumb Code     0  __rtentry4.o(.ARM.Collect$$rtentry$$00000004)
    __rt_entry_li                            0x08000235   Thumb Code     0  __rtentry2.o(.ARM.Collect$$rtentry$$0000000A)
    __rt_entry_postsh_1                      0x08000235   Thumb Code     0  __rtentry2.o(.ARM.Collect$$rtentry$$00000009)
    __rt_entry_main                          0x08000239   Thumb Code     0  __rtentry2.o(.ARM.Collect$$rtentry$$0000000D)
    __rt_entry_postli_1                      0x08000239   Thumb Code     0  __rtentry2.o(.ARM.Collect$$rtentry$$0000000C)
    __rt_exit                                0x08000241   Thumb Code     0  rtexit.o(.ARM.Collect$$rtexit$$00000000)
    __rt_exit_ls                             0x08000243   Thumb Code     0  rtexit2.o(.ARM.Collect$$rtexit$$00000003)
    __rt_exit_prels_1                        0x08000243   Thumb Code     0  rtexit2.o(.ARM.Collect$$rtexit$$00000002)
    __rt_exit_exit                           0x08000247   Thumb Code     0  rtexit2.o(.ARM.Collect$$rtexit$$00000004)
    SVC_Handler                              0x0800024d   Thumb Code    28  port.o(.emb_text)
    __asm___6_port_c_39a90d8d__prvStartFirstTask 0x0800026d   Thumb Code    28  port.o(.emb_text)
    __asm___6_port_c_39a90d8d__prvEnableVFP  0x0800028d   Thumb Code    16  port.o(.emb_text)
    PendSV_Handler                           0x080002a1   Thumb Code    88  port.o(.emb_text)
    vPortGetIPSR                             0x080002fd   Thumb Code     6  port.o(.emb_text)
    Reset_Handler                            0x08000305   Thumb Code     8  startup_stm32f40_41xxx.o(.text)
    ADC_IRQHandler                           0x0800031f   Thumb Code     0  startup_stm32f40_41xxx.o(.text)
    CAN1_RX0_IRQHandler                      0x0800031f   Thumb Code     0  startup_stm32f40_41xxx.o(.text)
    CAN1_RX1_IRQHandler                      0x0800031f   Thumb Code     0  startup_stm32f40_41xxx.o(.text)
    CAN1_SCE_IRQHandler                      0x0800031f   Thumb Code     0  startup_stm32f40_41xxx.o(.text)
    CAN1_TX_IRQHandler                       0x0800031f   Thumb Code     0  startup_stm32f40_41xxx.o(.text)
    CAN2_RX0_IRQHandler                      0x0800031f   Thumb Code     0  startup_stm32f40_41xxx.o(.text)
    CAN2_RX1_IRQHandler                      0x0800031f   Thumb Code     0  startup_stm32f40_41xxx.o(.text)
    CAN2_SCE_IRQHandler                      0x0800031f   Thumb Code     0  startup_stm32f40_41xxx.o(.text)
    CAN2_TX_IRQHandler                       0x0800031f   Thumb Code     0  startup_stm32f40_41xxx.o(.text)
    CRYP_IRQHandler                          0x0800031f   Thumb Code     0  startup_stm32f40_41xxx.o(.text)
    DCMI_IRQHandler                          0x0800031f   Thumb Code     0  startup_stm32f40_41xxx.o(.text)
    DMA1_Stream0_IRQHandler                  0x0800031f   Thumb Code     0  startup_stm32f40_41xxx.o(.text)
    DMA1_Stream1_IRQHandler                  0x0800031f   Thumb Code     0  startup_stm32f40_41xxx.o(.text)
    DMA1_Stream2_IRQHandler                  0x0800031f   Thumb Code     0  startup_stm32f40_41xxx.o(.text)
    DMA1_Stream3_IRQHandler                  0x0800031f   Thumb Code     0  startup_stm32f40_41xxx.o(.text)
    DMA1_Stream4_IRQHandler                  0x0800031f   Thumb Code     0  startup_stm32f40_41xxx.o(.text)
    DMA1_Stream5_IRQHandler                  0x0800031f   Thumb Code     0  startup_stm32f40_41xxx.o(.text)
    DMA1_Stream6_IRQHandler                  0x0800031f   Thumb Code     0  startup_stm32f40_41xxx.o(.text)
    DMA1_Stream7_IRQHandler                  0x0800031f   Thumb Code     0  startup_stm32f40_41xxx.o(.text)
    DMA2_Stream0_IRQHandler                  0x0800031f   Thumb Code     0  startup_stm32f40_41xxx.o(.text)
    DMA2_Stream1_IRQHandler                  0x0800031f   Thumb Code     0  startup_stm32f40_41xxx.o(.text)
    DMA2_Stream2_IRQHandler                  0x0800031f   Thumb Code     0  startup_stm32f40_41xxx.o(.text)
    DMA2_Stream3_IRQHandler                  0x0800031f   Thumb Code     0  startup_stm32f40_41xxx.o(.text)
    DMA2_Stream4_IRQHandler                  0x0800031f   Thumb Code     0  startup_stm32f40_41xxx.o(.text)
    DMA2_Stream5_IRQHandler                  0x0800031f   Thumb Code     0  startup_stm32f40_41xxx.o(.text)
    DMA2_Stream6_IRQHandler                  0x0800031f   Thumb Code     0  startup_stm32f40_41xxx.o(.text)
    DMA2_Stream7_IRQHandler                  0x0800031f   Thumb Code     0  startup_stm32f40_41xxx.o(.text)
    ETH_IRQHandler                           0x0800031f   Thumb Code     0  startup_stm32f40_41xxx.o(.text)
    ETH_WKUP_IRQHandler                      0x0800031f   Thumb Code     0  startup_stm32f40_41xxx.o(.text)
    EXTI0_IRQHandler                         0x0800031f   Thumb Code     0  startup_stm32f40_41xxx.o(.text)
    EXTI15_10_IRQHandler                     0x0800031f   Thumb Code     0  startup_stm32f40_41xxx.o(.text)
    EXTI1_IRQHandler                         0x0800031f   Thumb Code     0  startup_stm32f40_41xxx.o(.text)
    EXTI2_IRQHandler                         0x0800031f   Thumb Code     0  startup_stm32f40_41xxx.o(.text)
    EXTI3_IRQHandler                         0x0800031f   Thumb Code     0  startup_stm32f40_41xxx.o(.text)
    EXTI4_IRQHandler                         0x0800031f   Thumb Code     0  startup_stm32f40_41xxx.o(.text)
    EXTI9_5_IRQHandler                       0x0800031f   Thumb Code     0  startup_stm32f40_41xxx.o(.text)
    FLASH_IRQHandler                         0x0800031f   Thumb Code     0  startup_stm32f40_41xxx.o(.text)
    FPU_IRQHandler                           0x0800031f   Thumb Code     0  startup_stm32f40_41xxx.o(.text)
    FSMC_IRQHandler                          0x0800031f   Thumb Code     0  startup_stm32f40_41xxx.o(.text)
    HASH_RNG_IRQHandler                      0x0800031f   Thumb Code     0  startup_stm32f40_41xxx.o(.text)
    I2C1_ER_IRQHandler                       0x0800031f   Thumb Code     0  startup_stm32f40_41xxx.o(.text)
    I2C1_EV_IRQHandler                       0x0800031f   Thumb Code     0  startup_stm32f40_41xxx.o(.text)
    I2C2_ER_IRQHandler                       0x0800031f   Thumb Code     0  startup_stm32f40_41xxx.o(.text)
    I2C2_EV_IRQHandler                       0x0800031f   Thumb Code     0  startup_stm32f40_41xxx.o(.text)
    I2C3_ER_IRQHandler                       0x0800031f   Thumb Code     0  startup_stm32f40_41xxx.o(.text)
    I2C3_EV_IRQHandler                       0x0800031f   Thumb Code     0  startup_stm32f40_41xxx.o(.text)
    OTG_FS_IRQHandler                        0x0800031f   Thumb Code     0  startup_stm32f40_41xxx.o(.text)
    OTG_FS_WKUP_IRQHandler                   0x0800031f   Thumb Code     0  startup_stm32f40_41xxx.o(.text)
    OTG_HS_EP1_IN_IRQHandler                 0x0800031f   Thumb Code     0  startup_stm32f40_41xxx.o(.text)
    OTG_HS_EP1_OUT_IRQHandler                0x0800031f   Thumb Code     0  startup_stm32f40_41xxx.o(.text)
    OTG_HS_IRQHandler                        0x0800031f   Thumb Code     0  startup_stm32f40_41xxx.o(.text)
    OTG_HS_WKUP_IRQHandler                   0x0800031f   Thumb Code     0  startup_stm32f40_41xxx.o(.text)
    PVD_IRQHandler                           0x0800031f   Thumb Code     0  startup_stm32f40_41xxx.o(.text)
    RCC_IRQHandler                           0x0800031f   Thumb Code     0  startup_stm32f40_41xxx.o(.text)
    RTC_Alarm_IRQHandler                     0x0800031f   Thumb Code     0  startup_stm32f40_41xxx.o(.text)
    RTC_WKUP_IRQHandler                      0x0800031f   Thumb Code     0  startup_stm32f40_41xxx.o(.text)
    SDIO_IRQHandler                          0x0800031f   Thumb Code     0  startup_stm32f40_41xxx.o(.text)
    SPI1_IRQHandler                          0x0800031f   Thumb Code     0  startup_stm32f40_41xxx.o(.text)
    SPI2_IRQHandler                          0x0800031f   Thumb Code     0  startup_stm32f40_41xxx.o(.text)
    SPI3_IRQHandler                          0x0800031f   Thumb Code     0  startup_stm32f40_41xxx.o(.text)
    TAMP_STAMP_IRQHandler                    0x0800031f   Thumb Code     0  startup_stm32f40_41xxx.o(.text)
    TIM1_BRK_TIM9_IRQHandler                 0x0800031f   Thumb Code     0  startup_stm32f40_41xxx.o(.text)
    TIM1_CC_IRQHandler                       0x0800031f   Thumb Code     0  startup_stm32f40_41xxx.o(.text)
    TIM1_TRG_COM_TIM11_IRQHandler            0x0800031f   Thumb Code     0  startup_stm32f40_41xxx.o(.text)
    TIM1_UP_TIM10_IRQHandler                 0x0800031f   Thumb Code     0  startup_stm32f40_41xxx.o(.text)
    TIM2_IRQHandler                          0x0800031f   Thumb Code     0  startup_stm32f40_41xxx.o(.text)
    TIM3_IRQHandler                          0x0800031f   Thumb Code     0  startup_stm32f40_41xxx.o(.text)
    TIM4_IRQHandler                          0x0800031f   Thumb Code     0  startup_stm32f40_41xxx.o(.text)
    TIM5_IRQHandler                          0x0800031f   Thumb Code     0  startup_stm32f40_41xxx.o(.text)
    TIM6_DAC_IRQHandler                      0x0800031f   Thumb Code     0  startup_stm32f40_41xxx.o(.text)
    TIM7_IRQHandler                          0x0800031f   Thumb Code     0  startup_stm32f40_41xxx.o(.text)
    TIM8_BRK_TIM12_IRQHandler                0x0800031f   Thumb Code     0  startup_stm32f40_41xxx.o(.text)
    TIM8_CC_IRQHandler                       0x0800031f   Thumb Code     0  startup_stm32f40_41xxx.o(.text)
    TIM8_TRG_COM_TIM14_IRQHandler            0x0800031f   Thumb Code     0  startup_stm32f40_41xxx.o(.text)
    TIM8_UP_TIM13_IRQHandler                 0x0800031f   Thumb Code     0  startup_stm32f40_41xxx.o(.text)
    UART4_IRQHandler                         0x0800031f   Thumb Code     0  startup_stm32f40_41xxx.o(.text)
    UART5_IRQHandler                         0x0800031f   Thumb Code     0  startup_stm32f40_41xxx.o(.text)
    USART2_IRQHandler                        0x0800031f   Thumb Code     0  startup_stm32f40_41xxx.o(.text)
    USART3_IRQHandler                        0x0800031f   Thumb Code     0  startup_stm32f40_41xxx.o(.text)
    USART6_IRQHandler                        0x0800031f   Thumb Code     0  startup_stm32f40_41xxx.o(.text)
    WWDG_IRQHandler                          0x0800031f   Thumb Code     0  startup_stm32f40_41xxx.o(.text)
    __user_initial_stackheap                 0x08000321   Thumb Code     0  startup_stm32f40_41xxx.o(.text)
    __use_no_semihosting                     0x08000345   Thumb Code     2  use_no_semi_2.o(.text)
    __2printf                                0x08000349   Thumb Code    20  noretval__2printf.o(.text)
    _printf_str                              0x08000361   Thumb Code    82  _printf_str.o(.text)
    _printf_int_dec                          0x080003b5   Thumb Code   104  _printf_dec.o(.text)
    __printf                                 0x0800042d   Thumb Code   270  __printf_wp.o(.text)
    __aeabi_memcpy                           0x0800053b   Thumb Code     0  rt_memcpy_v6.o(.text)
    __rt_memcpy                              0x0800053b   Thumb Code   138  rt_memcpy_v6.o(.text)
    _memcpy_lastbytes                        0x080005a1   Thumb Code     0  rt_memcpy_v6.o(.text)
    __aeabi_memset                           0x080005c5   Thumb Code    16  aeabi_memset.o(.text)
    __use_two_region_memory                  0x080005d5   Thumb Code     2  heapauxi.o(.text)
    __rt_heap_escrow$2region                 0x080005d7   Thumb Code     2  heapauxi.o(.text)
    __rt_heap_expand$2region                 0x080005d9   Thumb Code     2  heapauxi.o(.text)
    __I$use$semihosting                      0x080005db   Thumb Code     0  use_no_semi.o(.text)
    __use_no_semihosting_swi                 0x080005db   Thumb Code     2  use_no_semi.o(.text)
    _printf_int_common                       0x080005dd   Thumb Code   178  _printf_intcommon.o(.text)
    __lib_sel_fp_printf                      0x0800068f   Thumb Code     2  _printf_fp_dec.o(.text)
    _printf_fp_dec_real                      0x08000841   Thumb Code   620  _printf_fp_dec.o(.text)
    _printf_char_common                      0x08000ab7   Thumb Code    32  _printf_char_common.o(.text)
    _printf_cs_common                        0x08000add   Thumb Code    20  _printf_char.o(.text)
    _printf_char                             0x08000af1   Thumb Code    16  _printf_char.o(.text)
    _printf_string                           0x08000b01   Thumb Code     8  _printf_char.o(.text)
    _printf_char_file                        0x08000b09   Thumb Code    32  _printf_char_file.o(.text)
    __aeabi_memcpy4                          0x08000b2d   Thumb Code     0  rt_memcpy_w.o(.text)
    __aeabi_memcpy8                          0x08000b2d   Thumb Code     0  rt_memcpy_w.o(.text)
    __rt_memcpy_w                            0x08000b2d   Thumb Code   100  rt_memcpy_w.o(.text)
    _memcpy_lastbytes_aligned                0x08000b75   Thumb Code     0  rt_memcpy_w.o(.text)
    __aeabi_memclr                           0x08000b91   Thumb Code     0  rt_memclr.o(.text)
    __rt_memclr                              0x08000b91   Thumb Code    68  rt_memclr.o(.text)
    _memset                                  0x08000b95   Thumb Code     0  rt_memclr.o(.text)
    __rt_locale                              0x08000bd5   Thumb Code     8  rt_locale_intlibspace.o(.text)
    _ll_udiv10                               0x08000bdd   Thumb Code   138  lludiv10.o(.text)
    _printf_fp_infnan                        0x08000c69   Thumb Code   112  _printf_fp_infnan.o(.text)
    _btod_etento                             0x08000ce9   Thumb Code   224  bigflt0.o(.text)
    ferror                                   0x08000dcd   Thumb Code     8  ferror.o(.text)
    __aeabi_memclr4                          0x08000dd5   Thumb Code     0  rt_memclr_w.o(.text)
    __aeabi_memclr8                          0x08000dd5   Thumb Code     0  rt_memclr_w.o(.text)
    __rt_memclr_w                            0x08000dd5   Thumb Code    78  rt_memclr_w.o(.text)
    _memset_w                                0x08000dd9   Thumb Code     0  rt_memclr_w.o(.text)
    __user_libspace                          0x08000e25   Thumb Code     8  libspace.o(.text)
    __user_perproc_libspace                  0x08000e25   Thumb Code     0  libspace.o(.text)
    __user_perthread_libspace                0x08000e25   Thumb Code     0  libspace.o(.text)
    __user_setup_stackheap                   0x08000e2d   Thumb Code    74  sys_stackheap_outer.o(.text)
    exit                                     0x08000e77   Thumb Code    18  exit.o(.text)
    strcmp                                   0x08000e89   Thumb Code   128  strcmpv7m.o(.text)
    _btod_d2e                                0x08000f09   Thumb Code    62  btod.o(CL$$btod_d2e)
    _d2e_denorm_low                          0x08000f47   Thumb Code    70  btod.o(CL$$btod_d2e_denorm_low)
    _d2e_norm_op1                            0x08000f8d   Thumb Code    96  btod.o(CL$$btod_d2e_norm_op1)
    __btod_div_common                        0x08000fed   Thumb Code   696  btod.o(CL$$btod_div_common)
    _e2e                                     0x08001325   Thumb Code   220  btod.o(CL$$btod_e2e)
    _btod_ediv                               0x08001401   Thumb Code    42  btod.o(CL$$btod_ediv)
    _btod_emul                               0x0800142b   Thumb Code    42  btod.o(CL$$btod_emul)
    __btod_mult_common                       0x08001455   Thumb Code   580  btod.o(CL$$btod_mult_common)
    BusFault_Handler                         0x08001699   Thumb Code     4  stm32f4xx_it.o(i.BusFault_Handler)
    DebugMon_Handler                         0x0800169d   Thumb Code     2  stm32f4xx_it.o(i.DebugMon_Handler)
    GPIO_Init                                0x0800169f   Thumb Code   144  stm32f4xx_gpio.o(i.GPIO_Init)
    GPIO_PinAFConfig                         0x0800172f   Thumb Code    70  stm32f4xx_gpio.o(i.GPIO_PinAFConfig)
    GPIO_SetBits                             0x08001775   Thumb Code     4  stm32f4xx_gpio.o(i.GPIO_SetBits)
    HardFault_Handler                        0x08001779   Thumb Code     4  stm32f4xx_it.o(i.HardFault_Handler)
    LED_Init                                 0x0800177d   Thumb Code    60  user_led.o(i.LED_Init)
    MemManage_Handler                        0x080017bd   Thumb Code     4  stm32f4xx_it.o(i.MemManage_Handler)
    NMI_Handler                              0x080017c1   Thumb Code     2  stm32f4xx_it.o(i.NMI_Handler)
    NVIC_Init                                0x080017c5   Thumb Code   106  misc.o(i.NVIC_Init)
    NVIC_PriorityGroupConfig                 0x0800183d   Thumb Code    10  misc.o(i.NVIC_PriorityGroupConfig)
    RCC_AHB1PeriphClockCmd                   0x08001851   Thumb Code    26  stm32f4xx_rcc.o(i.RCC_AHB1PeriphClockCmd)
    RCC_APB2PeriphClockCmd                   0x08001871   Thumb Code    26  stm32f4xx_rcc.o(i.RCC_APB2PeriphClockCmd)
    RCC_GetClocksFreq                        0x08001891   Thumb Code   214  stm32f4xx_rcc.o(i.RCC_GetClocksFreq)
    SysTick_CLKSourceConfig                  0x08001a65   Thumb Code    40  misc.o(i.SysTick_CLKSourceConfig)
    SysTick_Handler                          0x08001a8d   Thumb Code    16  delay.o(i.SysTick_Handler)
    SystemInit                               0x08001a9d   Thumb Code    88  system_stm32f4xx.o(i.SystemInit)
    USART1_IRQHandler                        0x08001b05   Thumb Code   122  usart.o(i.USART1_IRQHandler)
    USART_Cmd                                0x08001b8d   Thumb Code    24  stm32f4xx_usart.o(i.USART_Cmd)
    USART_GetITStatus                        0x08001ba5   Thumb Code    84  stm32f4xx_usart.o(i.USART_GetITStatus)
    USART_ITConfig                           0x08001bf9   Thumb Code    74  stm32f4xx_usart.o(i.USART_ITConfig)
    USART_Init                               0x08001c45   Thumb Code   204  stm32f4xx_usart.o(i.USART_Init)
    USART_ReceiveData                        0x08001d19   Thumb Code    10  stm32f4xx_usart.o(i.USART_ReceiveData)
    UsageFault_Handler                       0x08001d23   Thumb Code     4  stm32f4xx_it.o(i.UsageFault_Handler)
    __ARM_fpclassify                         0x08001d27   Thumb Code    48  fpclassify.o(i.__ARM_fpclassify)
    _is_digit                                0x08001d57   Thumb Code    14  __printf_wp.o(i._is_digit)
    _sys_exit                                0x08001d65   Thumb Code     4  usart.o(i._sys_exit)
    delay_init                               0x08001d69   Thumb Code    58  delay.o(i.delay_init)
    float_task                               0x08001dad   Thumb Code    54  main.o(i.float_task)
    fputc                                    0x08001e05   Thumb Code    22  usart.o(i.fputc)
    led0_task                                0x08001e21   Thumb Code    24  main.o(i.led0_task)
    led1_task                                0x08001e41   Thumb Code    32  main.o(i.led1_task)
    main                                     0x08001e69   Thumb Code    56  main.o(i.main)
    pvPortMalloc                             0x080029ad   Thumb Code   262  heap_4.o(i.pvPortMalloc)
    pvTaskIncrementMutexHeldCount            0x08002b01   Thumb Code    26  tasks.o(i.pvTaskIncrementMutexHeldCount)
    pxPortInitialiseStack                    0x08002b21   Thumb Code    38  port.o(i.pxPortInitialiseStack)
    start_task                               0x08002b4d   Thumb Code    82  main.o(i.start_task)
    uart_init                                0x08002be1   Thumb Code   164  usart.o(i.uart_init)
    uxListRemove                             0x08002c8d   Thumb Code    40  list.o(i.uxListRemove)
    vListInitialise                          0x08002cb5   Thumb Code    26  list.o(i.vListInitialise)
    vListInitialiseItem                      0x08002ccf   Thumb Code     6  list.o(i.vListInitialiseItem)
    vListInsert                              0x08002cd5   Thumb Code    52  list.o(i.vListInsert)
    vListInsertEnd                           0x08002d09   Thumb Code    24  list.o(i.vListInsertEnd)
    vPortEnterCritical                       0x08002d21   Thumb Code    68  port.o(i.vPortEnterCritical)
    vPortExitCritical                        0x08002da9   Thumb Code    48  port.o(i.vPortExitCritical)
    vPortFree                                0x08002e19   Thumb Code   120  heap_4.o(i.vPortFree)
    vPortSetupTimerInterrupt                 0x08002ed1   Thumb Code    26  port.o(i.vPortSetupTimerInterrupt)
    vPortValidateInterruptPriority           0x08002ef1   Thumb Code    86  port.o(i.vPortValidateInterruptPriority)
    vQueueAddToRegistry                      0x08002f91   Thumb Code    38  queue.o(i.vQueueAddToRegistry)
    vQueueWaitForMessageRestricted           0x08002fbd   Thumb Code    74  queue.o(i.vQueueWaitForMessageRestricted)
    vTaskDelay                               0x08003009   Thumb Code    72  tasks.o(i.vTaskDelay)
    vTaskDelete                              0x0800307d   Thumb Code   192  tasks.o(i.vTaskDelete)
    vTaskMissedYield                         0x08003189   Thumb Code     8  tasks.o(i.vTaskMissedYield)
    vTaskPlaceOnEventList                    0x08003195   Thumb Code    42  tasks.o(i.vTaskPlaceOnEventList)
    vTaskPlaceOnEventListRestricted          0x080031e9   Thumb Code    50  tasks.o(i.vTaskPlaceOnEventListRestricted)
    vTaskPriorityInherit                     0x08003245   Thumb Code   164  tasks.o(i.vTaskPriorityInherit)
    vTaskSetTimeOutState                     0x080032f5   Thumb Code    32  tasks.o(i.vTaskSetTimeOutState)
    vTaskStartScheduler                      0x08003341   Thumb Code   108  tasks.o(i.vTaskStartScheduler)
    vTaskSuspendAll                          0x080033ed   Thumb Code    12  tasks.o(i.vTaskSuspendAll)
    vTaskSwitchContext                       0x080033fd   Thumb Code   110  tasks.o(i.vTaskSwitchContext)
    xPortStartScheduler                      0x080034a5   Thumb Code   258  port.o(i.xPortStartScheduler)
    xPortSysTickHandler                      0x08003601   Thumb Code    46  port.o(i.xPortSysTickHandler)
    xQueueGenericCreate                      0x08003635   Thumb Code    78  queue.o(i.xQueueGenericCreate)
    xQueueGenericReceive                     0x080036a9   Thumb Code   416  queue.o(i.xQueueGenericReceive)
    xQueueGenericReset                       0x08003871   Thumb Code   136  queue.o(i.xQueueGenericReset)
    xQueueGenericSend                        0x08003921   Thumb Code   412  queue.o(i.xQueueGenericSend)
    xQueueGenericSendFromISR                 0x08003ae5   Thumb Code   234  queue.o(i.xQueueGenericSendFromISR)
    xTaskCheckForTimeOut                     0x08003bf5   Thumb Code   116  tasks.o(i.xTaskCheckForTimeOut)
    xTaskCreate                              0x08003c95   Thumb Code    96  tasks.o(i.xTaskCreate)
    xTaskGetSchedulerState                   0x08003cf5   Thumb Code    24  tasks.o(i.xTaskGetSchedulerState)
    xTaskGetTickCount                        0x08003d15   Thumb Code     6  tasks.o(i.xTaskGetTickCount)
    xTaskIncrementTick                       0x08003d21   Thumb Code   272  tasks.o(i.xTaskIncrementTick)
    xTaskPriorityDisinherit                  0x08003e81   Thumb Code   168  tasks.o(i.xTaskPriorityDisinherit)
    xTaskRemoveFromEventList                 0x08003f59   Thumb Code   118  tasks.o(i.xTaskRemoveFromEventList)
    xTaskResumeAll                           0x0800400d   Thumb Code   214  tasks.o(i.xTaskResumeAll)
    xTimerCreateTimerTask                    0x0800412d   Thumb Code    56  timers.o(i.xTimerCreateTimerTask)
    xTimerGenericCommand                     0x080041a1   Thumb Code   118  timers.o(i.xTimerGenericCommand)
    _get_lc_numeric                          0x08004245   Thumb Code    44  lc_numeric_c.o(locale$$code)
    __fpl_dretinf                            0x08004271   Thumb Code    12  dretinf.o(x$fpl$dretinf)
    __aeabi_f2d                              0x0800427d   Thumb Code     0  f2d.o(x$fpl$f2d)
    _f2d                                     0x0800427d   Thumb Code    86  f2d.o(x$fpl$f2d)
    __fpl_fnaninf                            0x080042d3   Thumb Code   140  fnaninf.o(x$fpl$fnaninf)
    _fp_init                                 0x0800435f   Thumb Code    10  fpinit.o(x$fpl$fpinit)
    __fplib_config_fpu_vfp                   0x08004367   Thumb Code     0  fpinit.o(x$fpl$fpinit)
    __fplib_config_pureend_doubles           0x08004367   Thumb Code     0  fpinit.o(x$fpl$fpinit)
    _printf_fp_dec                           0x08004369   Thumb Code     4  printf1.o(x$fpl$printf1)
    __I$use$fp                               0x0800436c   Number         0  usenofp.o(x$fpl$usenofp)
    Region$$Table$$Base                      0x08004400   Number         0  anon$$obj.o(Region$$Table)
    Region$$Table$$Limit                     0x08004420   Number         0  anon$$obj.o(Region$$Table)
    __stdout                                 0x20000014   Data           4  usart.o(.data)
    USART_RX_STA                             0x20000018   Data           2  usart.o(.data)
    StartTask_Handler                        0x2000001c   Data           4  main.o(.data)
    LED0Task_Handler                         0x20000020   Data           4  main.o(.data)
    LED1Task_Handler                         0x20000024   Data           4  main.o(.data)
    FLOATTask_Handler                        0x20000028   Data           4  main.o(.data)
    SystemCoreClock                          0x20000030   Data           4  system_stm32f4xx.o(.data)
    AHBPrescTable                            0x20000034   Data          16  system_stm32f4xx.o(.data)
    pxCurrentTCB                             0x20000044   Data           4  tasks.o(.data)
    USART_RX_BUF                             0x200000b8   Data         200  usart.o(.bss)
    xQueueRegistry                           0x20000180   Data          64  queue.o(.bss)
    __libspace_start                         0x200054cc   Data          96  libspace.o(.bss)
    __temporary_stack_top$libspace           0x2000552c   Data           0  libspace.o(.bss)



==============================================================================

Memory Map of the image

  Image Entry point : 0x08000189

  Load Region LR_IROM1 (Base: 0x08000000, Size: 0x000044f4, Max: 0x00100000, ABSOLUTE)

    Execution Region ER_IROM1 (Exec base: 0x08000000, Load base: 0x08000000, Size: 0x0000443c, Max: 0x00100000, ABSOLUTE)

    Exec Addr    Load Addr    Size         Type   Attr      Idx    E Section Name        Object

    0x08000000   0x08000000   0x00000188   Data   RO            3    RESET               startup_stm32f40_41xxx.o
    0x08000188   0x08000188   0x00000008   Code   RO         6333  * !!!main             c_w.l(__main.o)
    0x08000190   0x08000190   0x00000034   Code   RO         6565    !!!scatter          c_w.l(__scatter.o)
    0x080001c4   0x080001c4   0x0000001a   Code   RO         6567    !!handler_copy      c_w.l(__scatter_copy.o)
    0x080001de   0x080001de   0x00000002   PAD
    0x080001e0   0x080001e0   0x0000001c   Code   RO         6569    !!handler_zi        c_w.l(__scatter_zi.o)
    0x080001fc   0x080001fc   0x00000000   Code   RO         6322    .ARM.Collect$$_printf_percent$$00000000  c_w.l(_printf_percent.o)
    0x080001fc   0x080001fc   0x00000006   Code   RO         6321    .ARM.Collect$$_printf_percent$$00000003  c_w.l(_printf_f.o)
    0x08000202   0x08000202   0x00000006   Code   RO         6319    .ARM.Collect$$_printf_percent$$00000009  c_w.l(_printf_d.o)
    0x08000208   0x08000208   0x00000006   Code   RO         6318    .ARM.Collect$$_printf_percent$$00000014  c_w.l(_printf_s.o)
    0x0800020e   0x0800020e   0x00000004   Code   RO         6354    .ARM.Collect$$_printf_percent$$00000017  c_w.l(_printf_percent_end.o)
    0x08000212   0x08000212   0x00000002   Code   RO         6442    .ARM.Collect$$libinit$$00000000  c_w.l(libinit.o)
    0x08000214   0x08000214   0x00000004   Code   RO         6443    .ARM.Collect$$libinit$$00000001  c_w.l(libinit2.o)
    0x08000218   0x08000218   0x00000000   Code   RO         6446    .ARM.Collect$$libinit$$00000004  c_w.l(libinit2.o)
    0x08000218   0x08000218   0x00000000   Code   RO         6449    .ARM.Collect$$libinit$$0000000A  c_w.l(libinit2.o)
    0x08000218   0x08000218   0x00000000   Code   RO         6451    .ARM.Collect$$libinit$$0000000C  c_w.l(libinit2.o)
    0x08000218   0x08000218   0x00000000   Code   RO         6453    .ARM.Collect$$libinit$$0000000E  c_w.l(libinit2.o)
    0x08000218   0x08000218   0x00000006   Code   RO         6454    .ARM.Collect$$libinit$$0000000F  c_w.l(libinit2.o)
    0x0800021e   0x0800021e   0x00000000   Code   RO         6456    .ARM.Collect$$libinit$$00000011  c_w.l(libinit2.o)
    0x0800021e   0x0800021e   0x00000000   Code   RO         6458    .ARM.Collect$$libinit$$00000013  c_w.l(libinit2.o)
    0x0800021e   0x0800021e   0x00000000   Code   RO         6460    .ARM.Collect$$libinit$$00000015  c_w.l(libinit2.o)
    0x0800021e   0x0800021e   0x0000000a   Code   RO         6461    .ARM.Collect$$libinit$$00000016  c_w.l(libinit2.o)
    0x08000228   0x08000228   0x00000000   Code   RO         6462    .ARM.Collect$$libinit$$00000017  c_w.l(libinit2.o)
    0x08000228   0x08000228   0x00000000   Code   RO         6464    .ARM.Collect$$libinit$$00000019  c_w.l(libinit2.o)
    0x08000228   0x08000228   0x00000000   Code   RO         6466    .ARM.Collect$$libinit$$0000001B  c_w.l(libinit2.o)
    0x08000228   0x08000228   0x00000000   Code   RO         6468    .ARM.Collect$$libinit$$0000001D  c_w.l(libinit2.o)
    0x08000228   0x08000228   0x00000000   Code   RO         6470    .ARM.Collect$$libinit$$0000001F  c_w.l(libinit2.o)
    0x08000228   0x08000228   0x00000000   Code   RO         6472    .ARM.Collect$$libinit$$00000021  c_w.l(libinit2.o)
    0x08000228   0x08000228   0x00000000   Code   RO         6474    .ARM.Collect$$libinit$$00000023  c_w.l(libinit2.o)
    0x08000228   0x08000228   0x00000000   Code   RO         6476    .ARM.Collect$$libinit$$00000025  c_w.l(libinit2.o)
    0x08000228   0x08000228   0x00000000   Code   RO         6480    .ARM.Collect$$libinit$$0000002C  c_w.l(libinit2.o)
    0x08000228   0x08000228   0x00000000   Code   RO         6482    .ARM.Collect$$libinit$$0000002E  c_w.l(libinit2.o)
    0x08000228   0x08000228   0x00000000   Code   RO         6484    .ARM.Collect$$libinit$$00000030  c_w.l(libinit2.o)
    0x08000228   0x08000228   0x00000000   Code   RO         6486    .ARM.Collect$$libinit$$00000032  c_w.l(libinit2.o)
    0x08000228   0x08000228   0x00000002   Code   RO         6487    .ARM.Collect$$libinit$$00000033  c_w.l(libinit2.o)
    0x0800022a   0x0800022a   0x00000002   Code   RO         6515    .ARM.Collect$$libshutdown$$00000000  c_w.l(libshutdown.o)
    0x0800022c   0x0800022c   0x00000000   Code   RO         6524    .ARM.Collect$$libshutdown$$00000002  c_w.l(libshutdown2.o)
    0x0800022c   0x0800022c   0x00000000   Code   RO         6526    .ARM.Collect$$libshutdown$$00000004  c_w.l(libshutdown2.o)
    0x0800022c   0x0800022c   0x00000000   Code   RO         6529    .ARM.Collect$$libshutdown$$00000007  c_w.l(libshutdown2.o)
    0x0800022c   0x0800022c   0x00000000   Code   RO         6532    .ARM.Collect$$libshutdown$$0000000A  c_w.l(libshutdown2.o)
    0x0800022c   0x0800022c   0x00000000   Code   RO         6534    .ARM.Collect$$libshutdown$$0000000C  c_w.l(libshutdown2.o)
    0x0800022c   0x0800022c   0x00000000   Code   RO         6537    .ARM.Collect$$libshutdown$$0000000F  c_w.l(libshutdown2.o)
    0x0800022c   0x0800022c   0x00000002   Code   RO         6538    .ARM.Collect$$libshutdown$$00000010  c_w.l(libshutdown2.o)
    0x0800022e   0x0800022e   0x00000000   Code   RO         6341    .ARM.Collect$$rtentry$$00000000  c_w.l(__rtentry.o)
    0x0800022e   0x0800022e   0x00000000   Code   RO         6365    .ARM.Collect$$rtentry$$00000002  c_w.l(__rtentry2.o)
    0x0800022e   0x0800022e   0x00000006   Code   RO         6377    .ARM.Collect$$rtentry$$00000004  c_w.l(__rtentry4.o)
    0x08000234   0x08000234   0x00000000   Code   RO         6367    .ARM.Collect$$rtentry$$00000009  c_w.l(__rtentry2.o)
    0x08000234   0x08000234   0x00000004   Code   RO         6368    .ARM.Collect$$rtentry$$0000000A  c_w.l(__rtentry2.o)
    0x08000238   0x08000238   0x00000000   Code   RO         6370    .ARM.Collect$$rtentry$$0000000C  c_w.l(__rtentry2.o)
    0x08000238   0x08000238   0x00000008   Code   RO         6371    .ARM.Collect$$rtentry$$0000000D  c_w.l(__rtentry2.o)
    0x08000240   0x08000240   0x00000002   Code   RO         6488    .ARM.Collect$$rtexit$$00000000  c_w.l(rtexit.o)
    0x08000242   0x08000242   0x00000000   Code   RO         6495    .ARM.Collect$$rtexit$$00000002  c_w.l(rtexit2.o)
    0x08000242   0x08000242   0x00000004   Code   RO         6496    .ARM.Collect$$rtexit$$00000003  c_w.l(rtexit2.o)
    0x08000246   0x08000246   0x00000006   Code   RO         6497    .ARM.Collect$$rtexit$$00000004  c_w.l(rtexit2.o)
    0x0800024c   0x0800024c   0x000000b6   Code   RO         6131    .emb_text           port.o
    0x08000302   0x08000302   0x00000002   PAD
    0x08000304   0x08000304   0x00000040   Code   RO            4    .text               startup_stm32f40_41xxx.o
    0x08000344   0x08000344   0x00000002   Code   RO         6281    .text               c_w.l(use_no_semi_2.o)
    0x08000346   0x08000346   0x00000002   PAD
    0x08000348   0x08000348   0x00000018   Code   RO         6287    .text               c_w.l(noretval__2printf.o)
    0x08000360   0x08000360   0x00000052   Code   RO         6293    .text               c_w.l(_printf_str.o)
    0x080003b2   0x080003b2   0x00000002   PAD
    0x080003b4   0x080003b4   0x00000078   Code   RO         6295    .text               c_w.l(_printf_dec.o)
    0x0800042c   0x0800042c   0x0000010e   Code   RO         6305    .text               c_w.l(__printf_wp.o)
    0x0800053a   0x0800053a   0x0000008a   Code   RO         6327    .text               c_w.l(rt_memcpy_v6.o)
    0x080005c4   0x080005c4   0x00000010   Code   RO         6329    .text               c_w.l(aeabi_memset.o)
    0x080005d4   0x080005d4   0x00000006   Code   RO         6331    .text               c_w.l(heapauxi.o)
    0x080005da   0x080005da   0x00000002   Code   RO         6339    .text               c_w.l(use_no_semi.o)
    0x080005dc   0x080005dc   0x000000b2   Code   RO         6342    .text               c_w.l(_printf_intcommon.o)
    0x0800068e   0x0800068e   0x0000041e   Code   RO         6344    .text               c_w.l(_printf_fp_dec.o)
    0x08000aac   0x08000aac   0x00000030   Code   RO         6346    .text               c_w.l(_printf_char_common.o)
    0x08000adc   0x08000adc   0x0000002c   Code   RO         6350    .text               c_w.l(_printf_char.o)
    0x08000b08   0x08000b08   0x00000024   Code   RO         6352    .text               c_w.l(_printf_char_file.o)
    0x08000b2c   0x08000b2c   0x00000064   Code   RO         6355    .text               c_w.l(rt_memcpy_w.o)
    0x08000b90   0x08000b90   0x00000044   Code   RO         6357    .text               c_w.l(rt_memclr.o)
    0x08000bd4   0x08000bd4   0x00000008   Code   RO         6382    .text               c_w.l(rt_locale_intlibspace.o)
    0x08000bdc   0x08000bdc   0x0000008a   Code   RO         6384    .text               c_w.l(lludiv10.o)
    0x08000c66   0x08000c66   0x00000002   PAD
    0x08000c68   0x08000c68   0x00000080   Code   RO         6386    .text               c_w.l(_printf_fp_infnan.o)
    0x08000ce8   0x08000ce8   0x000000e4   Code   RO         6390    .text               c_w.l(bigflt0.o)
    0x08000dcc   0x08000dcc   0x00000008   Code   RO         6415    .text               c_w.l(ferror.o)
    0x08000dd4   0x08000dd4   0x0000004e   Code   RO         6422    .text               c_w.l(rt_memclr_w.o)
    0x08000e22   0x08000e22   0x00000002   PAD
    0x08000e24   0x08000e24   0x00000008   Code   RO         6428    .text               c_w.l(libspace.o)
    0x08000e2c   0x08000e2c   0x0000004a   Code   RO         6431    .text               c_w.l(sys_stackheap_outer.o)
    0x08000e76   0x08000e76   0x00000012   Code   RO         6433    .text               c_w.l(exit.o)
    0x08000e88   0x08000e88   0x00000080   Code   RO         6435    .text               c_w.l(strcmpv7m.o)
    0x08000f08   0x08000f08   0x0000003e   Code   RO         6393    CL$$btod_d2e        c_w.l(btod.o)
    0x08000f46   0x08000f46   0x00000046   Code   RO         6395    CL$$btod_d2e_denorm_low  c_w.l(btod.o)
    0x08000f8c   0x08000f8c   0x00000060   Code   RO         6394    CL$$btod_d2e_norm_op1  c_w.l(btod.o)
    0x08000fec   0x08000fec   0x00000338   Code   RO         6403    CL$$btod_div_common  c_w.l(btod.o)
    0x08001324   0x08001324   0x000000dc   Code   RO         6400    CL$$btod_e2e        c_w.l(btod.o)
    0x08001400   0x08001400   0x0000002a   Code   RO         6397    CL$$btod_ediv       c_w.l(btod.o)
    0x0800142a   0x0800142a   0x0000002a   Code   RO         6396    CL$$btod_emul       c_w.l(btod.o)
    0x08001454   0x08001454   0x00000244   Code   RO         6402    CL$$btod_mult_common  c_w.l(btod.o)
    0x08001698   0x08001698   0x00000004   Code   RO         5067    i.BusFault_Handler  stm32f4xx_it.o
    0x0800169c   0x0800169c   0x00000002   Code   RO         5068    i.DebugMon_Handler  stm32f4xx_it.o
    0x0800169e   0x0800169e   0x00000090   Code   RO         1840    i.GPIO_Init         stm32f4xx_gpio.o
    0x0800172e   0x0800172e   0x00000046   Code   RO         1841    i.GPIO_PinAFConfig  stm32f4xx_gpio.o
    0x08001774   0x08001774   0x00000004   Code   RO         1848    i.GPIO_SetBits      stm32f4xx_gpio.o
    0x08001778   0x08001778   0x00000004   Code   RO         5069    i.HardFault_Handler  stm32f4xx_it.o
    0x0800177c   0x0800177c   0x00000040   Code   RO         5157    i.LED_Init          user_led.o
    0x080017bc   0x080017bc   0x00000004   Code   RO         5070    i.MemManage_Handler  stm32f4xx_it.o
    0x080017c0   0x080017c0   0x00000002   Code   RO         5071    i.NMI_Handler       stm32f4xx_it.o
    0x080017c2   0x080017c2   0x00000002   PAD
    0x080017c4   0x080017c4   0x00000078   Code   RO           12    i.NVIC_Init         misc.o
    0x0800183c   0x0800183c   0x00000014   Code   RO           13    i.NVIC_PriorityGroupConfig  misc.o
    0x08001850   0x08001850   0x00000020   Code   RO         2704    i.RCC_AHB1PeriphClockCmd  stm32f4xx_rcc.o
    0x08001870   0x08001870   0x00000020   Code   RO         2716    i.RCC_APB2PeriphClockCmd  stm32f4xx_rcc.o
    0x08001890   0x08001890   0x000000e8   Code   RO         2725    i.RCC_GetClocksFreq  stm32f4xx_rcc.o
    0x08001978   0x08001978   0x000000ec   Code   RO         5120    i.SetSysClock       system_stm32f4xx.o
    0x08001a64   0x08001a64   0x00000028   Code   RO           16    i.SysTick_CLKSourceConfig  misc.o
    0x08001a8c   0x08001a8c   0x00000010   Code   RO         4847    i.SysTick_Handler   delay.o
    0x08001a9c   0x08001a9c   0x00000068   Code   RO         5122    i.SystemInit        system_stm32f4xx.o
    0x08001b04   0x08001b04   0x00000088   Code   RO         4955    i.USART1_IRQHandler  usart.o
    0x08001b8c   0x08001b8c   0x00000018   Code   RO         4601    i.USART_Cmd         stm32f4xx_usart.o
    0x08001ba4   0x08001ba4   0x00000054   Code   RO         4605    i.USART_GetITStatus  stm32f4xx_usart.o
    0x08001bf8   0x08001bf8   0x0000004a   Code   RO         4607    i.USART_ITConfig    stm32f4xx_usart.o
    0x08001c42   0x08001c42   0x00000002   PAD
    0x08001c44   0x08001c44   0x000000d4   Code   RO         4608    i.USART_Init        stm32f4xx_usart.o
    0x08001d18   0x08001d18   0x0000000a   Code   RO         4615    i.USART_ReceiveData  stm32f4xx_usart.o
    0x08001d22   0x08001d22   0x00000004   Code   RO         5072    i.UsageFault_Handler  stm32f4xx_it.o
    0x08001d26   0x08001d26   0x00000030   Code   RO         6426    i.__ARM_fpclassify  m_wm.l(fpclassify.o)
    0x08001d56   0x08001d56   0x0000000e   Code   RO         6307    i._is_digit         c_w.l(__printf_wp.o)
    0x08001d64   0x08001d64   0x00000004   Code   RO         4956    i._sys_exit         usart.o
    0x08001d68   0x08001d68   0x00000044   Code   RO         4848    i.delay_init        delay.o
    0x08001dac   0x08001dac   0x00000058   Code   RO         5010    i.float_task        main.o
    0x08001e04   0x08001e04   0x0000001c   Code   RO         4957    i.fputc             usart.o
    0x08001e20   0x08001e20   0x00000020   Code   RO         5011    i.led0_task         main.o
    0x08001e40   0x08001e40   0x00000028   Code   RO         5012    i.led1_task         main.o
    0x08001e68   0x08001e68   0x0000004c   Code   RO         5013    i.main              main.o
    0x08001eb4   0x08001eb4   0x00000098   Code   RO         5617    i.prvAddCurrentTaskToDelayedList  tasks.o
    0x08001f4c   0x08001f4c   0x000000b8   Code   RO         5618    i.prvAddNewTaskToReadyList  tasks.o
    0x08002004   0x08002004   0x00000064   Code   RO         5989    i.prvCheckForValidListAndQueue  timers.o
    0x08002068   0x08002068   0x00000064   Code   RO         5619    i.prvCheckTasksWaitingTermination  tasks.o
    0x080020cc   0x080020cc   0x0000002a   Code   RO         5369    i.prvCopyDataFromQueue  queue.o
    0x080020f6   0x080020f6   0x0000007c   Code   RO         5370    i.prvCopyDataToQueue  queue.o
    0x08002172   0x08002172   0x00000012   Code   RO         5620    i.prvDeleteTCB      tasks.o
    0x08002184   0x08002184   0x00000028   Code   RO         5990    i.prvGetNextExpireTime  timers.o
    0x080021ac   0x080021ac   0x0000007c   Code   RO         6220    i.prvHeapInit       heap_4.o
    0x08002228   0x08002228   0x00000028   Code   RO         5621    i.prvIdleTask       tasks.o
    0x08002250   0x08002250   0x0000002e   Code   RO         5372    i.prvInitialiseNewQueue  queue.o
    0x0800227e   0x0800227e   0x00000002   PAD
    0x08002280   0x08002280   0x000000d0   Code   RO         5622    i.prvInitialiseNewTask  tasks.o
    0x08002350   0x08002350   0x00000068   Code   RO         5623    i.prvInitialiseTaskLists  tasks.o
    0x080023b8   0x080023b8   0x00000068   Code   RO         6221    i.prvInsertBlockIntoFreeList  heap_4.o
    0x08002420   0x08002420   0x00000058   Code   RO         5992    i.prvInsertTimerInActiveList  timers.o
    0x08002478   0x08002478   0x0000001a   Code   RO         5373    i.prvIsQueueEmpty   queue.o
    0x08002492   0x08002492   0x0000001e   Code   RO         5374    i.prvIsQueueFull    queue.o
    0x080024b0   0x080024b0   0x000000a0   Code   RO         5375    i.prvNotifyQueueSetContainer  queue.o
    0x08002550   0x08002550   0x00000080   Code   RO         5993    i.prvProcessExpiredTimer  timers.o
    0x080025d0   0x080025d0   0x0000012c   Code   RO         5994    i.prvProcessReceivedCommands  timers.o
    0x080026fc   0x080026fc   0x00000074   Code   RO         5995    i.prvProcessTimerOrBlockTask  timers.o
    0x08002770   0x08002770   0x00000034   Code   RO         5625    i.prvResetNextTaskUnblockTime  tasks.o
    0x080027a4   0x080027a4   0x0000002c   Code   RO         5996    i.prvSampleTimeNow  timers.o
    0x080027d0   0x080027d0   0x000000bc   Code   RO         5997    i.prvSwitchTimerLists  timers.o
    0x0800288c   0x0800288c   0x00000074   Code   RO         6132    i.prvTaskExitError  port.o
    0x08002900   0x08002900   0x0000001a   Code   RO         5998    i.prvTimerTask      timers.o
    0x0800291a   0x0800291a   0x00000092   Code   RO         5376    i.prvUnlockQueue    queue.o
    0x080029ac   0x080029ac   0x00000154   Code   RO         6222    i.pvPortMalloc      heap_4.o
    0x08002b00   0x08002b00   0x00000020   Code   RO         5629    i.pvTaskIncrementMutexHeldCount  tasks.o
    0x08002b20   0x08002b20   0x0000002c   Code   RO         6133    i.pxPortInitialiseStack  port.o
    0x08002b4c   0x08002b4c   0x00000094   Code   RO         5014    i.start_task        main.o
    0x08002be0   0x08002be0   0x000000ac   Code   RO         4958    i.uart_init         usart.o
    0x08002c8c   0x08002c8c   0x00000028   Code   RO         5320    i.uxListRemove      list.o
    0x08002cb4   0x08002cb4   0x0000001a   Code   RO         5321    i.vListInitialise   list.o
    0x08002cce   0x08002cce   0x00000006   Code   RO         5322    i.vListInitialiseItem  list.o
    0x08002cd4   0x08002cd4   0x00000034   Code   RO         5323    i.vListInsert       list.o
    0x08002d08   0x08002d08   0x00000018   Code   RO         5324    i.vListInsertEnd    list.o
    0x08002d20   0x08002d20   0x00000088   Code   RO         6135    i.vPortEnterCritical  port.o
    0x08002da8   0x08002da8   0x00000070   Code   RO         6136    i.vPortExitCritical  port.o
    0x08002e18   0x08002e18   0x000000b8   Code   RO         6223    i.vPortFree         heap_4.o
    0x08002ed0   0x08002ed0   0x00000020   Code   RO         6137    i.vPortSetupTimerInterrupt  port.o
    0x08002ef0   0x08002ef0   0x000000a0   Code   RO         6138    i.vPortValidateInterruptPriority  port.o
    0x08002f90   0x08002f90   0x0000002c   Code   RO         5382    i.vQueueAddToRegistry  queue.o
    0x08002fbc   0x08002fbc   0x0000004a   Code   RO         5386    i.vQueueWaitForMessageRestricted  queue.o
    0x08003006   0x08003006   0x00000002   PAD
    0x08003008   0x08003008   0x00000074   Code   RO         5637    i.vTaskDelay        tasks.o
    0x0800307c   0x0800307c   0x0000010c   Code   RO         5639    i.vTaskDelete       tasks.o
    0x08003188   0x08003188   0x0000000c   Code   RO         5643    i.vTaskMissedYield  tasks.o
    0x08003194   0x08003194   0x00000054   Code   RO         5645    i.vTaskPlaceOnEventList  tasks.o
    0x080031e8   0x080031e8   0x0000005c   Code   RO         5646    i.vTaskPlaceOnEventListRestricted  tasks.o
    0x08003244   0x08003244   0x000000b0   Code   RO         5648    i.vTaskPriorityInherit  tasks.o
    0x080032f4   0x080032f4   0x0000004c   Code   RO         5652    i.vTaskSetTimeOutState  tasks.o
    0x08003340   0x08003340   0x000000ac   Code   RO         5653    i.vTaskStartScheduler  tasks.o
    0x080033ec   0x080033ec   0x00000010   Code   RO         5655    i.vTaskSuspendAll   tasks.o
    0x080033fc   0x080033fc   0x000000a8   Code   RO         5656    i.vTaskSwitchContext  tasks.o
    0x080034a4   0x080034a4   0x0000015c   Code   RO         6139    i.xPortStartScheduler  port.o
    0x08003600   0x08003600   0x00000034   Code   RO         6140    i.xPortSysTickHandler  port.o
    0x08003634   0x08003634   0x00000074   Code   RO         5391    i.xQueueGenericCreate  queue.o
    0x080036a8   0x080036a8   0x000001c8   Code   RO         5392    i.xQueueGenericReceive  queue.o
    0x08003870   0x08003870   0x000000b0   Code   RO         5393    i.xQueueGenericReset  queue.o
    0x08003920   0x08003920   0x000001c4   Code   RO         5394    i.xQueueGenericSend  queue.o
    0x08003ae4   0x08003ae4   0x00000110   Code   RO         5395    i.xQueueGenericSendFromISR  queue.o
    0x08003bf4   0x08003bf4   0x000000a0   Code   RO         5657    i.xTaskCheckForTimeOut  tasks.o
    0x08003c94   0x08003c94   0x00000060   Code   RO         5658    i.xTaskCreate       tasks.o
    0x08003cf4   0x08003cf4   0x00000020   Code   RO         5662    i.xTaskGetSchedulerState  tasks.o
    0x08003d14   0x08003d14   0x0000000c   Code   RO         5663    i.xTaskGetTickCount  tasks.o
    0x08003d20   0x08003d20   0x00000160   Code   RO         5665    i.xTaskIncrementTick  tasks.o
    0x08003e80   0x08003e80   0x000000d8   Code   RO         5668    i.xTaskPriorityDisinherit  tasks.o
    0x08003f58   0x08003f58   0x000000b4   Code   RO         5669    i.xTaskRemoveFromEventList  tasks.o
    0x0800400c   0x0800400c   0x00000120   Code   RO         5671    i.xTaskResumeAll    tasks.o
    0x0800412c   0x0800412c   0x00000074   Code   RO         6002    i.xTimerCreateTimerTask  timers.o
    0x080041a0   0x080041a0   0x000000a4   Code   RO         6003    i.xTimerGenericCommand  timers.o
    0x08004244   0x08004244   0x0000002c   Code   RO         6420    locale$$code        c_w.l(lc_numeric_c.o)
    0x08004270   0x08004270   0x0000000c   Code   RO         6359    x$fpl$dretinf       fz_wm.l(dretinf.o)
    0x0800427c   0x0800427c   0x00000056   Code   RO         6335    x$fpl$f2d           fz_wm.l(f2d.o)
    0x080042d2   0x080042d2   0x0000008c   Code   RO         6361    x$fpl$fnaninf       fz_wm.l(fnaninf.o)
    0x0800435e   0x0800435e   0x0000000a   Code   RO         6492    x$fpl$fpinit        fz_wm.l(fpinit.o)
    0x08004368   0x08004368   0x00000004   Code   RO         6337    x$fpl$printf1       fz_wm.l(printf1.o)
    0x0800436c   0x0800436c   0x00000000   Code   RO         6363    x$fpl$usenofp       fz_wm.l(usenofp.o)
    0x0800436c   0x0800436c   0x00000094   Data   RO         6391    .constdata          c_w.l(bigflt0.o)
    0x08004400   0x08004400   0x00000020   Data   RO         6563    Region$$Table       anon$$obj.o
    0x08004420   0x08004420   0x0000001c   Data   RO         6419    locale$$data        c_w.l(lc_numeric_c.o)


    Execution Region RW_IRAM1 (Exec base: 0x20000000, Load base: 0x0800443c, Size: 0x00005b30, Max: 0x00020000, ABSOLUTE)

    Exec Addr    Load Addr    Size         Type   Attr      Idx    E Section Name        Object

    0x20000000   0x0800443c   0x00000010   Data   RW         2757    .data               stm32f4xx_rcc.o
    0x20000010   0x0800444c   0x00000004   Data   RW         4852    .data               delay.o
    0x20000014   0x08004450   0x00000006   Data   RW         4960    .data               usart.o
    0x2000001a   0x08004456   0x00000002   PAD
    0x2000001c   0x08004458   0x00000014   Data   RW         5015    .data               main.o
    0x20000030   0x0800446c   0x00000014   Data   RW         5123    .data               system_stm32f4xx.o
    0x20000044   0x08004480   0x0000003c   Data   RW         5674    .data               tasks.o
    0x20000080   0x080044bc   0x00000014   Data   RW         6011    .data               timers.o
    0x20000094   0x080044d0   0x0000000c   Data   RW         6141    .data               port.o
    0x200000a0   0x080044dc   0x00000018   Data   RW         6228    .data               heap_4.o
    0x200000b8        -       0x000000c8   Zero   RW         4959    .bss                usart.o
    0x20000180        -       0x00000040   Zero   RW         5406    .bss                queue.o
    0x200001c0        -       0x000002e4   Zero   RW         5673    .bss                tasks.o
    0x200004a4        -       0x00000028   Zero   RW         6010    .bss                timers.o
    0x200004cc        -       0x00005000   Zero   RW         6227    .bss                heap_4.o
    0x200054cc        -       0x00000060   Zero   RW         6429    .bss                c_w.l(libspace.o)
    0x2000552c   0x080044f4   0x00000004   PAD
    0x20005530        -       0x00000200   Zero   RW            2    HEAP                startup_stm32f40_41xxx.o
    0x20005730        -       0x00000400   Zero   RW            1    STACK               startup_stm32f40_41xxx.o


==============================================================================

Image component sizes


      Code (inc. data)   RO Data    RW Data    ZI Data      Debug   Object Name

        84         10          0          4          0      11411   delay.o
         0          0          0          0          0      11800   event_groups.o
       752        176          0         24      20480       4187   heap_4.o
       148          0          0          0          0       3438   list.o
       384        136          0         20          0       3161   main.o
       180         24          0          0          0     264433   misc.o
      1182        396          0         12          0      11193   port.o
      2164        238          0          0         64      16237   queue.o
        64         26        392          0       1536        896   startup_stm32f40_41xxx.o
       218          0          0          0          0       2622   stm32f4xx_gpio.o
        20          0          0          0          0       2921   stm32f4xx_it.o
       296         30          0         16          0       4358   stm32f4xx_rcc.o
       404          8          0          0          0       4646   stm32f4xx_usart.o
       340         32          0         20          0       2009   system_stm32f4xx.o
      3406        878          0         60        740      30215   tasks.o
      1310        312          0         20         40       9187   timers.o
       340         28          0          6        200       4496   usart.o
        64          4          0          0          0        551   user_led.o

    ----------------------------------------------------------------------
     11366       2298        424        184      23060     387761   Object Totals
         0          0         32          0          0          0   (incl. Generated)
        10          0          0          2          0          0   (incl. Padding)

    ----------------------------------------------------------------------

      Code (inc. data)   RO Data    RW Data    ZI Data      Debug   Library Member Name

         8          0          0          0          0         68   __main.o
       284          0          0          0          0        156   __printf_wp.o
         0          0          0          0          0          0   __rtentry.o
        12          0          0          0          0          0   __rtentry2.o
         6          0          0          0          0          0   __rtentry4.o
        52          8          0          0          0          0   __scatter.o
        26          0          0          0          0          0   __scatter_copy.o
        28          0          0          0          0          0   __scatter_zi.o
        44          0          0          0          0        108   _printf_char.o
        48          6          0          0          0         96   _printf_char_common.o
        36          4          0          0          0         80   _printf_char_file.o
         6          0          0          0          0          0   _printf_d.o
       120         16          0          0          0         92   _printf_dec.o
         6          0          0          0          0          0   _printf_f.o
      1054          0          0          0          0        216   _printf_fp_dec.o
       128         16          0          0          0         84   _printf_fp_infnan.o
       178          0          0          0          0         88   _printf_intcommon.o
         0          0          0          0          0          0   _printf_percent.o
         4          0          0          0          0          0   _printf_percent_end.o
         6          0          0          0          0          0   _printf_s.o
        82          0          0          0          0         80   _printf_str.o
        16          0          0          0          0         68   aeabi_memset.o
       228          4        148          0          0         96   bigflt0.o
      1936        128          0          0          0        672   btod.o
        18          0          0          0          0         80   exit.o
         8          0          0          0          0         68   ferror.o
         6          0          0          0          0        152   heapauxi.o
        44         10         28          0          0         76   lc_numeric_c.o
         2          0          0          0          0          0   libinit.o
        22          0          0          0          0          0   libinit2.o
         2          0          0          0          0          0   libshutdown.o
         2          0          0          0          0          0   libshutdown2.o
         8          4          0          0         96         68   libspace.o
       138          0          0          0          0         80   lludiv10.o
        24          4          0          0          0         84   noretval__2printf.o
         8          4          0          0          0         68   rt_locale_intlibspace.o
        68          0          0          0          0         68   rt_memclr.o
        78          0          0          0          0         80   rt_memclr_w.o
       138          0          0          0          0         68   rt_memcpy_v6.o
       100          0          0          0          0         80   rt_memcpy_w.o
         2          0          0          0          0          0   rtexit.o
        10          0          0          0          0          0   rtexit2.o
       128          0          0          0          0         68   strcmpv7m.o
        74          0          0          0          0         80   sys_stackheap_outer.o
         2          0          0          0          0         68   use_no_semi.o
         2          0          0          0          0         68   use_no_semi_2.o
        12          0          0          0          0        116   dretinf.o
        86          4          0          0          0        132   f2d.o
       140          4          0          0          0        132   fnaninf.o
        10          0          0          0          0        116   fpinit.o
         4          0          0          0          0        116   printf1.o
         0          0          0          0          0          0   usenofp.o
        48          0          0          0          0        124   fpclassify.o

    ----------------------------------------------------------------------
      5502        212        176          0        100       3896   Library Totals
        10          0          0          0          4          0   (incl. Padding)

    ----------------------------------------------------------------------

      Code (inc. data)   RO Data    RW Data    ZI Data      Debug   Library Name

      5192        204        176          0         96       3160   c_w.l
       252          8          0          0          0        612   fz_wm.l
        48          0          0          0          0        124   m_wm.l

    ----------------------------------------------------------------------
      5502        212        176          0        100       3896   Library Totals

    ----------------------------------------------------------------------

==============================================================================


      Code (inc. data)   RO Data    RW Data    ZI Data      Debug   

     16868       2510        600        184      23160     379589   Grand Totals
     16868       2510        600        184      23160     379589   ELF Image Totals
     16868       2510        600        184          0          0   ROM Totals

==============================================================================

    Total RO  Size (Code + RO Data)                17468 (  17.06kB)
    Total RW  Size (RW Data + ZI Data)             23344 (  22.80kB)
    Total ROM Size (Code + RO Data + RW Data)      17652 (  17.24kB)

==============================================================================

